../Core/Src/stm32f4xx_hal_msp.c:63:6:HAL_MspInit	16	static
../Core/Src/stm32f4xx_hal_msp.c:86:6:HAL_ADC_MspInit	48	static
../Core/Src/stm32f4xx_hal_msp.c:119:6:HAL_ADC_MspDeInit	16	static
../Core/Src/stm32f4xx_hal_msp.c:147:6:HAL_CRC_MspInit	24	static
../Core/Src/stm32f4xx_hal_msp.c:169:6:HAL_CRC_MspDeInit	16	static
../Core/Src/stm32f4xx_hal_msp.c:191:6:HAL_I2C_MspInit	48	static
../Core/Src/stm32f4xx_hal_msp.c:235:6:HAL_I2C_MspDeInit	16	static
../Core/Src/stm32f4xx_hal_msp.c:266:6:HAL_LTDC_MspInit	112	static
../Core/Src/stm32f4xx_hal_msp.c:409:6:HAL_LTDC_MspDeInit	16	static
../Core/Src/stm32f4xx_hal_msp.c:474:6:HAL_SPI_MspInit	48	static
../Core/Src/stm32f4xx_hal_msp.c:511:6:HAL_SPI_MspDeInit	16	static
../Core/Src/stm32f4xx_hal_msp.c:541:6:HAL_TIM_Base_MspInit	24	static
../Core/Src/stm32f4xx_hal_msp.c:563:6:HAL_TIM_Base_MspDeInit	16	static
../Core/Src/stm32f4xx_hal_msp.c:585:6:HAL_UART_MspInit	48	static
../Core/Src/stm32f4xx_hal_msp.c:621:6:HAL_UART_MspDeInit	16	static
../Core/Src/stm32f4xx_hal_msp.c:646:13:HAL_FMC_MspInit	32	static
../Core/Src/stm32f4xx_hal_msp.c:752:6:HAL_SDRAM_MspInit	16	static
../Core/Src/stm32f4xx_hal_msp.c:764:13:HAL_FMC_MspDeInit	8	static
../Core/Src/stm32f4xx_hal_msp.c:838:6:HAL_SDRAM_MspDeInit	16	static
