Archive member included to satisfy reference by file (symbol)

C:/ST/STM32CubeIDE_1.7.0/STM32CubeIDE/plugins/com.st.stm32cube.ide.mcu.externaltools.gnu-tools-for-stm32.12.3.rel1.win32_1.0.200.202406191623/tools/bin/../lib/gcc/arm-none-eabi/12.3.1/../../../../arm-none-eabi/lib/thumb/v7e-m+fp/hard\libc_nano.a(libc_a-exit.o)
                              C:/ST/STM32CubeIDE_1.7.0/STM32CubeIDE/plugins/com.st.stm32cube.ide.mcu.externaltools.gnu-tools-for-stm32.12.3.rel1.win32_1.0.200.202406191623/tools/bin/../lib/gcc/arm-none-eabi/12.3.1/../../../../arm-none-eabi/lib/thumb/v7e-m+fp/hard/crt0.o (exit)
C:/ST/STM32CubeIDE_1.7.0/STM32CubeIDE/plugins/com.st.stm32cube.ide.mcu.externaltools.gnu-tools-for-stm32.12.3.rel1.win32_1.0.200.202406191623/tools/bin/../lib/gcc/arm-none-eabi/12.3.1/../../../../arm-none-eabi/lib/thumb/v7e-m+fp/hard\libc_nano.a(libc_a-findfp.o)
                              C:/ST/STM32CubeIDE_1.7.0/STM32CubeIDE/plugins/com.st.stm32cube.ide.mcu.externaltools.gnu-tools-for-stm32.12.3.rel1.win32_1.0.200.202406191623/tools/bin/../lib/gcc/arm-none-eabi/12.3.1/../../../../arm-none-eabi/lib/thumb/v7e-m+fp/hard\libc_nano.a(libc_a-exit.o) (__stdio_exit_handler)
C:/ST/STM32CubeIDE_1.7.0/STM32CubeIDE/plugins/com.st.stm32cube.ide.mcu.externaltools.gnu-tools-for-stm32.12.3.rel1.win32_1.0.200.202406191623/tools/bin/../lib/gcc/arm-none-eabi/12.3.1/../../../../arm-none-eabi/lib/thumb/v7e-m+fp/hard\libc_nano.a(libc_a-fwalk.o)
                              C:/ST/STM32CubeIDE_1.7.0/STM32CubeIDE/plugins/com.st.stm32cube.ide.mcu.externaltools.gnu-tools-for-stm32.12.3.rel1.win32_1.0.200.202406191623/tools/bin/../lib/gcc/arm-none-eabi/12.3.1/../../../../arm-none-eabi/lib/thumb/v7e-m+fp/hard\libc_nano.a(libc_a-findfp.o) (_fwalk_sglue)
C:/ST/STM32CubeIDE_1.7.0/STM32CubeIDE/plugins/com.st.stm32cube.ide.mcu.externaltools.gnu-tools-for-stm32.12.3.rel1.win32_1.0.200.202406191623/tools/bin/../lib/gcc/arm-none-eabi/12.3.1/../../../../arm-none-eabi/lib/thumb/v7e-m+fp/hard\libc_nano.a(libc_a-stdio.o)
                              C:/ST/STM32CubeIDE_1.7.0/STM32CubeIDE/plugins/com.st.stm32cube.ide.mcu.externaltools.gnu-tools-for-stm32.12.3.rel1.win32_1.0.200.202406191623/tools/bin/../lib/gcc/arm-none-eabi/12.3.1/../../../../arm-none-eabi/lib/thumb/v7e-m+fp/hard\libc_nano.a(libc_a-findfp.o) (__sread)
C:/ST/STM32CubeIDE_1.7.0/STM32CubeIDE/plugins/com.st.stm32cube.ide.mcu.externaltools.gnu-tools-for-stm32.12.3.rel1.win32_1.0.200.202406191623/tools/bin/../lib/gcc/arm-none-eabi/12.3.1/../../../../arm-none-eabi/lib/thumb/v7e-m+fp/hard\libc_nano.a(libc_a-memset.o)
                              C:/ST/STM32CubeIDE_1.7.0/STM32CubeIDE/plugins/com.st.stm32cube.ide.mcu.externaltools.gnu-tools-for-stm32.12.3.rel1.win32_1.0.200.202406191623/tools/bin/../lib/gcc/arm-none-eabi/12.3.1/../../../../arm-none-eabi/lib/thumb/v7e-m+fp/hard/crt0.o (memset)
C:/ST/STM32CubeIDE_1.7.0/STM32CubeIDE/plugins/com.st.stm32cube.ide.mcu.externaltools.gnu-tools-for-stm32.12.3.rel1.win32_1.0.200.202406191623/tools/bin/../lib/gcc/arm-none-eabi/12.3.1/../../../../arm-none-eabi/lib/thumb/v7e-m+fp/hard\libc_nano.a(libc_a-closer.o)
                              C:/ST/STM32CubeIDE_1.7.0/STM32CubeIDE/plugins/com.st.stm32cube.ide.mcu.externaltools.gnu-tools-for-stm32.12.3.rel1.win32_1.0.200.202406191623/tools/bin/../lib/gcc/arm-none-eabi/12.3.1/../../../../arm-none-eabi/lib/thumb/v7e-m+fp/hard\libc_nano.a(libc_a-stdio.o) (_close_r)
C:/ST/STM32CubeIDE_1.7.0/STM32CubeIDE/plugins/com.st.stm32cube.ide.mcu.externaltools.gnu-tools-for-stm32.12.3.rel1.win32_1.0.200.202406191623/tools/bin/../lib/gcc/arm-none-eabi/12.3.1/../../../../arm-none-eabi/lib/thumb/v7e-m+fp/hard\libc_nano.a(libc_a-reent.o)
                              C:/ST/STM32CubeIDE_1.7.0/STM32CubeIDE/plugins/com.st.stm32cube.ide.mcu.externaltools.gnu-tools-for-stm32.12.3.rel1.win32_1.0.200.202406191623/tools/bin/../lib/gcc/arm-none-eabi/12.3.1/../../../../arm-none-eabi/lib/thumb/v7e-m+fp/hard\libc_nano.a(libc_a-closer.o) (errno)
C:/ST/STM32CubeIDE_1.7.0/STM32CubeIDE/plugins/com.st.stm32cube.ide.mcu.externaltools.gnu-tools-for-stm32.12.3.rel1.win32_1.0.200.202406191623/tools/bin/../lib/gcc/arm-none-eabi/12.3.1/../../../../arm-none-eabi/lib/thumb/v7e-m+fp/hard\libc_nano.a(libc_a-impure.o)
                              C:/ST/STM32CubeIDE_1.7.0/STM32CubeIDE/plugins/com.st.stm32cube.ide.mcu.externaltools.gnu-tools-for-stm32.12.3.rel1.win32_1.0.200.202406191623/tools/bin/../lib/gcc/arm-none-eabi/12.3.1/../../../../arm-none-eabi/lib/thumb/v7e-m+fp/hard\libc_nano.a(libc_a-reent.o) (_impure_ptr)
C:/ST/STM32CubeIDE_1.7.0/STM32CubeIDE/plugins/com.st.stm32cube.ide.mcu.externaltools.gnu-tools-for-stm32.12.3.rel1.win32_1.0.200.202406191623/tools/bin/../lib/gcc/arm-none-eabi/12.3.1/../../../../arm-none-eabi/lib/thumb/v7e-m+fp/hard\libc_nano.a(libc_a-lseekr.o)
[...]
Memory Configuration

Name             Origin             Length             Attributes
CCMRAM           0x10000000         0x00010000         xrw
RAM              0x20000000         0x00030000         xrw
FLASH            0x08000000         0x00200000         xr
*default*        0x00000000         0xffffffff

Linker script and memory map

LOAD C:/ST/STM32CubeIDE_1.7.0/STM32CubeIDE/plugins/com.st.stm32cube.ide.mcu.externaltools.gnu-tools-for-stm32.12.3.rel1.win32_1.0.200.202406191623/tools/bin/../lib/gcc/arm-none-eabi/12.3.1/thumb/v7e-m+fp/hard/crti.o
LOAD C:/ST/STM32CubeIDE_1.7.0/STM32CubeIDE/plugins/com.st.stm32cube.ide.mcu.externaltools.gnu-tools-for-stm32.12.3.rel1.win32_1.0.200.202406191623/tools/bin/../lib/gcc/arm-none-eabi/12.3.1/thumb/v7e-m+fp/hard/crtbegin.o
LOAD C:/ST/STM32CubeIDE_1.7.0/STM32CubeIDE/plugins/com.st.stm32cube.ide.mcu.externaltools.gnu-tools-for-stm32.12.3.rel1.win32_1.0.200.202406191623/tools/bin/../lib/gcc/arm-none-eabi/12.3.1/../../../../arm-none-eabi/lib/thumb/v7e-m+fp/hard/crt0.o
LOAD ./App/ap.o
LOAD ./App/src/adc.o
LOAD ./App/src/utils.o
LOAD ./Core/Src/main.o
LOAD ./Core/Src/stm32f4xx_hal_msp.o
LOAD ./Core/Src/stm32f4xx_hal_timebase_tim.o
LOAD ./Core/Src/stm32f4xx_it.o
LOAD ./Core/Src/syscalls.o
LOAD ./Core/Src/sysmem.o
LOAD ./Core/Src/system_stm32f4xx.o
LOAD ./Core/Startup/startup_stm32f429zitx.o
LOAD ./Drivers/STM32F4xx_HAL_Driver/Src/stm32f4xx_hal.o
LOAD ./Drivers/STM32F4xx_HAL_Driver/Src/stm32f4xx_hal_adc.o
LOAD ./Drivers/STM32F4xx_HAL_Driver/Src/stm32f4xx_hal_adc_ex.o
LOAD ./Drivers/STM32F4xx_HAL_Driver/Src/stm32f4xx_hal_cortex.o
LOAD ./Drivers/STM32F4xx_HAL_Driver/Src/stm32f4xx_hal_crc.o
LOAD ./Drivers/STM32F4xx_HAL_Driver/Src/stm32f4xx_hal_dma.o
LOAD ./Drivers/STM32F4xx_HAL_Driver/Src/stm32f4xx_hal_dma_ex.o
LOAD ./Drivers/STM32F4xx_HAL_Driver/Src/stm32f4xx_hal_dsi.o
LOAD ./Drivers/STM32F4xx_HAL_Driver/Src/stm32f4xx_hal_exti.o
LOAD ./Drivers/STM32F4xx_HAL_Driver/Src/stm32f4xx_hal_flash.o
LOAD ./Drivers/STM32F4xx_HAL_Driver/Src/stm32f4xx_hal_flash_ex.o
LOAD ./Drivers/STM32F4xx_HAL_Driver/Src/stm32f4xx_hal_flash_ramfunc.o
LOAD ./Drivers/STM32F4xx_HAL_Driver/Src/stm32f4xx_hal_gpio.o
LOAD ./Drivers/STM32F4xx_HAL_Driver/Src/stm32f4xx_hal_i2c.o
LOAD ./Drivers/STM32F4xx_HAL_Driver/Src/stm32f4xx_hal_i2c_ex.o
LOAD ./Drivers/STM32F4xx_HAL_Driver/Src/stm32f4xx_hal_ltdc.o
LOAD ./Drivers/STM32F4xx_HAL_Driver/Src/stm32f4xx_hal_ltdc_ex.o
LOAD ./Drivers/STM32F4xx_HAL_Driver/Src/stm32f4xx_hal_pwr.o
LOAD ./Drivers/STM32F4xx_HAL_Driver/Src/stm32f4xx_hal_pwr_ex.o
LOAD ./Drivers/STM32F4xx_HAL_Driver/Src/stm32f4xx_hal_rcc.o
LOAD ./Drivers/STM32F4xx_HAL_Driver/Src/stm32f4xx_hal_rcc_ex.o
LOAD ./Drivers/STM32F4xx_HAL_Driver/Src/stm32f4xx_hal_sdram.o
LOAD ./Drivers/STM32F4xx_HAL_Driver/Src/stm32f4xx_hal_spi.o
LOAD ./Drivers/STM32F4xx_HAL_Driver/Src/stm32f4xx_hal_tim.o
LOAD ./Drivers/STM32F4xx_HAL_Driver/Src/stm32f4xx_hal_tim_ex.o
LOAD ./Drivers/STM32F4xx_HAL_Driver/Src/stm32f4xx_hal_uart.o
LOAD ./Drivers/STM32F4xx_HAL_Driver/Src/stm32f4xx_ll_adc.o
LOAD ./Drivers/STM32F4xx_HAL_Driver/Src/stm32f4xx_ll_fmc.o
START GROUP
LOAD C:/ST/STM32CubeIDE_1.7.0/STM32CubeIDE/plugins/com.st.stm32cube.ide.mcu.externaltools.gnu-tools-for-stm32.12.3.rel1.win32_1.0.200.202406191623/tools/bin/../lib/gcc/arm-none-eabi/12.3.1/../../../../arm-none-eabi/lib/thumb/v7e-m+fp/hard\libc_nano.a
LOAD C:/ST/STM32CubeIDE_1.7.0/STM32CubeIDE/plugins/com.st.stm32cube.ide.mcu.externaltools.gnu-tools-for-stm32.12.3.rel1.win32_1.0.200.202406191623/tools/bin/../lib/gcc/arm-none-eabi/12.3.1/../../../../arm-none-eabi/lib/thumb/v7e-m+fp/hard\libm.a
END GROUP
START GROUP
LOAD C:/ST/STM32CubeIDE_1.7.0/STM32CubeIDE/plugins/com.st.stm32cube.ide.mcu.externaltools.gnu-tools-for-stm32.12.3.rel1.win32_1.0.200.202406191623/tools/bin/../lib/gcc/arm-none-eabi/12.3.1/thumb/v7e-m+fp/hard\libgcc.a
LOAD C:/ST/STM32CubeIDE_1.7.0/STM32CubeIDE/plugins/com.st.stm32cube.ide.mcu.externaltools.gnu-tools-for-stm32.12.3.rel1.win32_1.0.200.202406191623/tools/bin/../lib/gcc/arm-none-eabi/12.3.1/../../../../arm-none-eabi/lib/thumb/v7e-m+fp/hard\libc_nano.a
END GROUP
START GROUP
LOAD C:/ST/STM32CubeIDE_1.7.0/STM32CubeIDE/plugins/com.st.stm32cube.ide.mcu.externaltools.gnu-tools-for-stm32.12.3.rel1.win32_1.0.200.202406191623/tools/bin/../lib/gcc/arm-none-eabi/12.3.1/thumb/v7e-m+fp/hard\libgcc.a
LOAD C:/ST/STM32CubeIDE_1.7.0/STM32CubeIDE/plugins/com.st.stm32cube.ide.mcu.externaltools.gnu-tools-for-stm32.12.3.rel1.win32_1.0.200.202406191623/tools/bin/../lib/gcc/arm-none-eabi/12.3.1/../../../../arm-none-eabi/lib/thumb/v7e-m+fp/hard\libc_nano.a
LOAD C:/ST/STM32CubeIDE_1.7.0/STM32CubeIDE/plugins/com.st.stm32cube.ide.mcu.externaltools.gnu-tools-for-stm32.12.3.rel1.win32_1.0.200.202406191623/tools/bin/../lib/gcc/arm-none-eabi/12.3.1/../../../../arm-none-eabi/lib/thumb/v7e-m+fp/hard\libnosys.a
END GROUP
START GROUP
LOAD C:/ST/STM32CubeIDE_1.7.0/STM32CubeIDE/plugins/com.st.stm32cube.ide.mcu.externaltools.gnu-tools-for-stm32.12.3.rel1.win32_1.0.200.202406191623/tools/bin/../lib/gcc/arm-none-eabi/12.3.1/thumb/v7e-m+fp/hard\libgcc.a
LOAD C:/ST/STM32CubeIDE_1.7.0/STM32CubeIDE/plugins/com.st.stm32cube.ide.mcu.externaltools.gnu-tools-for-stm32.12.3.rel1.win32_1.0.200.202406191623/tools/bin/../lib/gcc/arm-none-eabi/12.3.1/../../../../arm-none-eabi/lib/thumb/v7e-m+fp/hard\libc_nano.a
LOAD C:/ST/STM32CubeIDE_1.7.0/STM32CubeIDE/plugins/com.st.stm32cube.ide.mcu.externaltools.gnu-tools-for-stm32.12.3.rel1.win32_1.0.200.202406191623/tools/bin/../lib/gcc/arm-none-eabi/12.3.1/../../../../arm-none-eabi/lib/thumb/v7e-m+fp/hard\libnosys.a
END GROUP
LOAD C:/ST/STM32CubeIDE_1.7.0/STM32CubeIDE/plugins/com.st.stm32cube.ide.mcu.externaltools.gnu-tools-for-stm32.12.3.rel1.win32_1.0.200.202406191623/tools/bin/../lib/gcc/arm-none-eabi/12.3.1/thumb/v7e-m+fp/hard/crtend.o
LOAD C:/ST/STM32CubeIDE_1.7.0/STM32CubeIDE/plugins/com.st.stm32cube.ide.mcu.externaltools.gnu-tools-for-stm32.12.3.rel1.win32_1.0.200.202406191623/tools/bin/../lib/gcc/arm-none-eabi/12.3.1/thumb/v7e-m+fp/hard/crtn.o
                0x20030000                        _estack = (ORIGIN (RAM) + LENGTH (RAM))
                0x00000200                        _Min_Heap_Size = 0x200
                0x00000400                        _Min_Stack_Size = 0x400

.isr_vector     0x08000000      0x1ac
                0x08000000                        . = ALIGN (0x4)
 *(.isr_vector)
 .isr_vector    0x08000000      0x1ac ./Core/Startup/startup_stm32f429zitx.o
                0x08000000                g_pfnVectors
                0x080001ac                        . = ALIGN (0x4)

.text           0x080001ac     0x51d8
                0x080001ac                        . = ALIGN (0x4)
 *(.text)
 .text          0x080001ac       0x40 C:/ST/STM32CubeIDE_1.7.0/STM32CubeIDE/plugins/com.st.stm32cube.ide.mcu.externaltools.gnu-tools-for-stm32.12.3.rel1.win32_1.0.200.202406191623/tools/bin/../lib/gcc/arm-none-eabi/12.3.1/thumb/v7e-m+fp/hard/crtbegin.o
 .text          0x080001ec       0x30 C:/ST/STM32CubeIDE_1.7.0/STM32CubeIDE/plugins/com.st.stm32cube.ide.mcu.externaltools.gnu-tools-for-stm32.12.3.rel1.win32_1.0.200.202406191623/tools/bin/../lib/gcc/arm-none-eabi/12.3.1/thumb/v7e-m+fp/hard\libgcc.a(_aeabi_uldivmod.o)
                0x080001ec                __aeabi_uldivmod
 .text          0x0800021c      0x2bc C:/ST/STM32CubeIDE_1.7.0/STM32CubeIDE/plugins/com.st.stm32cube.ide.mcu.externaltools.gnu-tools-for-stm32.12.3.rel1.win32_1.0.200.202406191623/tools/bin/../lib/gcc/arm-none-eabi/12.3.1/thumb/v7e-m+fp/hard\libgcc.a(_udivmoddi4.o)
                0x0800021c                __udivmoddi4
 .text          0x080004d8        0x4 C:/ST/STM32CubeIDE_1.7.0/STM32CubeIDE/plugins/com.st.stm32cube.ide.mcu.externaltools.gnu-tools-for-stm32.12.3.rel1.win32_1.0.200.202406191623/tools/bin/../lib/gcc/arm-none-eabi/12.3.1/thumb/v7e-m+fp/hard\libgcc.a(_dvmd_tls.o)
                0x080004d8                __aeabi_idiv0
                0x080004d8                __aeabi_ldiv0
 *(.text*)
 .text.apInit   0x080004dc        0xc ./App/ap.o
                0x080004dc                apInit
 .text.apMain   0x080004e8       0x54 ./App/ap.o
                0x080004e8                apMain
 .text.adcInit  0x0800053c       0x1c ./App/src/adc.o
                0x0800053c                adcInit
 .text.adcRead  0x08000558       0x48 ./App/src/adc.o
                0x08000558                adcRead
 .text.adcReadVoltage
                0x080005a0       0x2e ./App/src/adc.o
                0x080005a0                adcReadVoltage
 .text.millis   0x080005ce        0xe ./App/src/utils.o
                0x080005ce                millis
 .text.main     0x080005dc       0x40 ./Core/Src/main.o
                0x080005dc                main
 .text.SystemClock_Config
                0x0800061c       0xd8 ./Core/Src/main.o
                0x0800061c                SystemClock_Config
 .text.MX_ADC1_Init
                0x080006f4       0xe0 ./Core/Src/main.o
 .text.MX_CRC_Init
                0x080007d4       0x28 ./Core/Src/main.o
 .text.MX_I2C3_Init
                0x080007fc       0x80 ./Core/Src/main.o
 .text.MX_LTDC_Init
                0x0800087c       0xfc ./Core/Src/main.o
 .text.MX_SPI5_Init
                0x08000978       0x6c ./Core/Src/main.o
 .text.MX_TIM1_Init
                0x080009e4       0xa0 ./Core/Src/main.o
 .text.MX_USART1_UART_Init
                0x08000a84       0x54 ./Core/Src/main.o
 .text.MX_DMA_Init
                0x08000ad8       0x34 ./Core/Src/main.o
 .text.MX_FMC_Init
                0x08000b0c       0xa0 ./Core/Src/main.o
 .text.MX_GPIO_Init
                0x08000bac      0x25c ./Core/Src/main.o
 .text.HAL_TIM_PeriodElapsedCallback
                0x08000e08       0x24 ./Core/Src/main.o
                0x08000e08                HAL_TIM_PeriodElapsedCallback
 .text.Error_Handler
                0x08000e2c        0xc ./Core/Src/main.o
                0x08000e2c                Error_Handler
 .text.HAL_MspInit
                0x08000e38       0x50 ./Core/Src/stm32f4xx_hal_msp.o
                0x08000e38                HAL_MspInit
 .text.HAL_ADC_MspInit
                0x08000e88       0xf0 ./Core/Src/stm32f4xx_hal_msp.o
                0x08000e88                HAL_ADC_MspInit
 .text.HAL_CRC_MspInit
                0x08000f78       0x44 ./Core/Src/stm32f4xx_hal_msp.o
                0x08000f78                HAL_CRC_MspInit
 .text.HAL_I2C_MspInit
                0x08000fbc       0xd4 ./Core/Src/stm32f4xx_hal_msp.o
                0x08000fbc                HAL_I2C_MspInit
 .text.HAL_LTDC_MspInit
                0x08001090      0x2b0 ./Core/Src/stm32f4xx_hal_msp.o
                0x08001090                HAL_LTDC_MspInit
 .text.HAL_SPI_MspInit
                0x08001340       0x90 ./Core/Src/stm32f4xx_hal_msp.o
                0x08001340                HAL_SPI_MspInit
 .text.HAL_TIM_Base_MspInit
                0x080013d0       0x44 ./Core/Src/stm32f4xx_hal_msp.o
                0x080013d0                HAL_TIM_Base_MspInit
 .text.HAL_UART_MspInit
                0x08001414       0x90 ./Core/Src/stm32f4xx_hal_msp.o
                0x08001414                HAL_UART_MspInit
 .text.HAL_FMC_MspInit
                0x080014a4      0x124 ./Core/Src/stm32f4xx_hal_msp.o
 .text.HAL_SDRAM_MspInit
                0x080015c8       0x14 ./Core/Src/stm32f4xx_hal_msp.o
                0x080015c8                HAL_SDRAM_MspInit
 .text.HAL_InitTick
                0x080015dc       0xf8 ./Core/Src/stm32f4xx_hal_timebase_tim.o
                0x080015dc                HAL_InitTick
 .text.NMI_Handler
                0x080016d4        0x8 ./Core/Src/stm32f4xx_it.o
                0x080016d4                NMI_Handler
 .text.HardFault_Handler
                0x080016dc        0x8 ./Core/Src/stm32f4xx_it.o
                0x080016dc                HardFault_Handler
 .text.MemManage_Handler
                0x080016e4        0x8 ./Core/Src/stm32f4xx_it.o
                0x080016e4                MemManage_Handler
 .text.BusFault_Handler
                0x080016ec        0x8 ./Core/Src/stm32f4xx_it.o
                0x080016ec                BusFault_Handler
 .text.UsageFault_Handler
                0x080016f4        0x8 ./Core/Src/stm32f4xx_it.o
                0x080016f4                UsageFault_Handler
 .text.SVC_Handler
                0x080016fc        0xe ./Core/Src/stm32f4xx_it.o
                0x080016fc                SVC_Handler
 .text.DebugMon_Handler
                0x0800170a        0xe ./Core/Src/stm32f4xx_it.o
                0x0800170a                DebugMon_Handler
 .text.PendSV_Handler
                0x08001718        0xe ./Core/Src/stm32f4xx_it.o
                0x08001718                PendSV_Handler
 .text.SysTick_Handler
                0x08001726        0xe ./Core/Src/stm32f4xx_it.o
                0x08001726                SysTick_Handler
 .text.TIM6_DAC_IRQHandler
                0x08001734       0x14 ./Core/Src/stm32f4xx_it.o
                0x08001734                TIM6_DAC_IRQHandler
 .text.LTDC_IRQHandler
                0x08001748       0x14 ./Core/Src/stm32f4xx_it.o
                0x08001748                LTDC_IRQHandler
 .text.LTDC_ER_IRQHandler
                0x0800175c       0x14 ./Core/Src/stm32f4xx_it.o
                0x0800175c                LTDC_ER_IRQHandler
 .text.SystemInit
                0x08001770       0x24 ./Core/Src/system_stm32f4xx.o
                0x08001770                SystemInit
 .text.Reset_Handler
                0x08001794       0x50 ./Core/Startup/startup_stm32f429zitx.o
                0x08001794                Reset_Handler
 .text.Default_Handler
                0x080017e4        0x2 ./Core/Startup/startup_stm32f429zitx.o
                0x080017e4                RTC_Alarm_IRQHandler
                0x080017e4                HASH_RNG_IRQHandler
                0x080017e4                EXTI2_IRQHandler
                0x080017e4                TIM8_CC_IRQHandler
                0x080017e4                UART8_IRQHandler
                0x080017e4                SPI4_IRQHandler
                0x080017e4                TIM1_CC_IRQHandler
                0x080017e4                DMA2_Stream5_IRQHandler
                0x080017e4                DMA1_Stream5_IRQHandler
                0x080017e4                PVD_IRQHandler
                0x080017e4                SDIO_IRQHandler
                0x080017e4                TAMP_STAMP_IRQHandler
                0x080017e4                CAN2_RX1_IRQHandler
                0x080017e4                EXTI3_IRQHandler
                0x080017e4                TIM8_TRG_COM_TIM14_IRQHandler
                0x080017e4                TIM1_UP_TIM10_IRQHandler
                0x080017e4                TIM8_UP_TIM13_IRQHandler
                0x080017e4                I2C3_ER_IRQHandler
                0x080017e4                EXTI0_IRQHandler
                0x080017e4                I2C2_EV_IRQHandler
                0x080017e4                DMA1_Stream2_IRQHandler
                0x080017e4                CAN1_RX0_IRQHandler
                0x080017e4                FPU_IRQHandler
                0x080017e4                OTG_HS_WKUP_IRQHandler
                0x080017e4                CAN2_SCE_IRQHandler
                0x080017e4                DMA2_Stream2_IRQHandler
                0x080017e4                SPI1_IRQHandler
                0x080017e4                TIM1_BRK_TIM9_IRQHandler
                0x080017e4                DCMI_IRQHandler
                0x080017e4                CAN2_RX0_IRQHandler
                0x080017e4                DMA2_Stream3_IRQHandler
                0x080017e4                USART6_IRQHandler
                0x080017e4                USART3_IRQHandler
                0x080017e4                CAN1_RX1_IRQHandler
                0x080017e4                UART5_IRQHandler
                0x080017e4                DMA2_Stream0_IRQHandler
                0x080017e4                TIM4_IRQHandler
                0x080017e4                I2C1_EV_IRQHandler
                0x080017e4                DMA1_Stream6_IRQHandler
                0x080017e4                DMA1_Stream1_IRQHandler
                0x080017e4                UART4_IRQHandler
                0x080017e4                TIM3_IRQHandler
                0x080017e4                RCC_IRQHandler
                0x080017e4                TIM8_BRK_TIM12_IRQHandler
                0x080017e4                Default_Handler
                0x080017e4                EXTI15_10_IRQHandler
                0x080017e4                ADC_IRQHandler
                0x080017e4                DMA1_Stream7_IRQHandler
                0x080017e4                SPI5_IRQHandler
                0x080017e4                TIM7_IRQHandler
                0x080017e4                CAN2_TX_IRQHandler
                0x080017e4                TIM5_IRQHandler
                0x080017e4                DMA2_Stream7_IRQHandler
                0x080017e4                I2C3_EV_IRQHandler
                0x080017e4                EXTI9_5_IRQHandler
                0x080017e4                RTC_WKUP_IRQHandler
                0x080017e4                ETH_WKUP_IRQHandler
                0x080017e4                SPI2_IRQHandler
                0x080017e4                OTG_HS_EP1_IN_IRQHandler
                0x080017e4                DMA1_Stream0_IRQHandler
                0x080017e4                CAN1_TX_IRQHandler
                0x080017e4                EXTI4_IRQHandler
                0x080017e4                ETH_IRQHandler
                0x080017e4                OTG_HS_EP1_OUT_IRQHandler
                0x080017e4                WWDG_IRQHandler
                0x080017e4                SPI6_IRQHandler
                0x080017e4                TIM2_IRQHandler
                0x080017e4                OTG_FS_WKUP_IRQHandler
                0x080017e4                TIM1_TRG_COM_TIM11_IRQHandler
                0x080017e4                OTG_HS_IRQHandler
                0x080017e4                DMA2D_IRQHandler
                0x080017e4                EXTI1_IRQHandler
                0x080017e4                UART7_IRQHandler
                0x080017e4                USART2_IRQHandler
                0x080017e4                I2C2_ER_IRQHandler
                0x080017e4                DMA2_Stream1_IRQHandler
                0x080017e4                CAN1_SCE_IRQHandler
                0x080017e4                FLASH_IRQHandler
                0x080017e4                DMA2_Stream4_IRQHandler
                0x080017e4                USART1_IRQHandler
                0x080017e4                OTG_FS_IRQHandler
                0x080017e4                SPI3_IRQHandler
                0x080017e4                DMA1_Stream4_IRQHandler
                0x080017e4                I2C1_ER_IRQHandler
                0x080017e4                FMC_IRQHandler
                0x080017e4                DMA2_Stream6_IRQHandler
                0x080017e4                SAI1_IRQHandler
                0x080017e4                DMA1_Stream3_IRQHandler
 *fill*         0x080017e6        0x2 
 .text.HAL_Init
                0x080017e8       0x44 ./Drivers/STM32F4xx_HAL_Driver/Src/stm32f4xx_hal.o
                0x080017e8                HAL_Init
 .text.HAL_IncTick
                0x0800182c       0x28 ./Drivers/STM32F4xx_HAL_Driver/Src/stm32f4xx_hal.o
                0x0800182c                HAL_IncTick
 .text.HAL_GetTick
                0x08001854       0x18 ./Drivers/STM32F4xx_HAL_Driver/Src/stm32f4xx_hal.o
                0x08001854                HAL_GetTick
 .text.HAL_ADC_Init
                0x0800186c       0x86 ./Drivers/STM32F4xx_HAL_Driver/Src/stm32f4xx_hal_adc.o
                0x0800186c                HAL_ADC_Init
 *fill*         0x080018f2        0x2 
 .text.HAL_ADC_Start_DMA
                0x080018f4      0x220 ./Drivers/STM32F4xx_HAL_Driver/Src/stm32f4xx_hal_adc.o
                0x080018f4                HAL_ADC_Start_DMA
 .text.HAL_ADC_ConvCpltCallback
                0x08001b14       0x14 ./Drivers/STM32F4xx_HAL_Driver/Src/stm32f4xx_hal_adc.o
                0x08001b14                HAL_ADC_ConvCpltCallback
 .text.HAL_ADC_ConvHalfCpltCallback
                0x08001b28       0x14 ./Drivers/STM32F4xx_HAL_Driver/Src/stm32f4xx_hal_adc.o
                0x08001b28                HAL_ADC_ConvHalfCpltCallback
 .text.HAL_ADC_ErrorCallback
                0x08001b3c       0x14 ./Drivers/STM32F4xx_HAL_Driver/Src/stm32f4xx_hal_adc.o
                0x08001b3c                HAL_ADC_ErrorCallback
 .text.HAL_ADC_ConfigChannel
                0x08001b50      0x264 ./Drivers/STM32F4xx_HAL_Driver/Src/stm32f4xx_hal_adc.o
                0x08001b50                HAL_ADC_ConfigChannel
 .text.ADC_Init
                0x08001db4      0x1f8 ./Drivers/STM32F4xx_HAL_Driver/Src/stm32f4xx_hal_adc.o
 .text.ADC_DMAConvCplt
                0x08001fac       0xba ./Drivers/STM32F4xx_HAL_Driver/Src/stm32f4xx_hal_adc.o
 .text.ADC_DMAHalfConvCplt
                0x08002066       0x1c ./Drivers/STM32F4xx_HAL_Driver/Src/stm32f4xx_hal_adc.o
 .text.ADC_DMAError
                0x08002082       0x2e ./Drivers/STM32F4xx_HAL_Driver/Src/stm32f4xx_hal_adc.o
 .text.__NVIC_SetPriorityGrouping
                0x080020b0       0x48 ./Drivers/STM32F4xx_HAL_Driver/Src/stm32f4xx_hal_cortex.o
 .text.__NVIC_GetPriorityGrouping
                0x080020f8       0x1c ./Drivers/STM32F4xx_HAL_Driver/Src/stm32f4xx_hal_cortex.o
 .text.__NVIC_EnableIRQ
                0x08002114       0x3c ./Drivers/STM32F4xx_HAL_Driver/Src/stm32f4xx_hal_cortex.o
 .text.__NVIC_SetPriority
                0x08002150       0x54 ./Drivers/STM32F4xx_HAL_Driver/Src/stm32f4xx_hal_cortex.o
 .text.NVIC_EncodePriority
                0x080021a4       0x66 ./Drivers/STM32F4xx_HAL_Driver/Src/stm32f4xx_hal_cortex.o
 .text.HAL_NVIC_SetPriorityGrouping
                0x0800220a       0x16 ./Drivers/STM32F4xx_HAL_Driver/Src/stm32f4xx_hal_cortex.o
                0x0800220a                HAL_NVIC_SetPriorityGrouping
 .text.HAL_NVIC_SetPriority
                0x08002220       0x38 ./Drivers/STM32F4xx_HAL_Driver/Src/stm32f4xx_hal_cortex.o
                0x08002220                HAL_NVIC_SetPriority
 .text.HAL_NVIC_EnableIRQ
                0x08002258       0x1c ./Drivers/STM32F4xx_HAL_Driver/Src/stm32f4xx_hal_cortex.o
                0x08002258                HAL_NVIC_EnableIRQ
 .text.HAL_CRC_Init
                0x08002274       0x38 ./Drivers/STM32F4xx_HAL_Driver/Src/stm32f4xx_hal_crc.o
                0x08002274                HAL_CRC_Init
 .text.HAL_DMA_Init
                0x080022ac      0x15c ./Drivers/STM32F4xx_HAL_Driver/Src/stm32f4xx_hal_dma.o
                0x080022ac                HAL_DMA_Init
 .text.HAL_DMA_Start_IT
                0x08002408       0xb0 ./Drivers/STM32F4xx_HAL_Driver/Src/stm32f4xx_hal_dma.o
                0x08002408                HAL_DMA_Start_IT
 .text.DMA_SetConfig
                0x080024b8       0x5c ./Drivers/STM32F4xx_HAL_Driver/Src/stm32f4xx_hal_dma.o
 .text.DMA_CalcBaseAndBitshift
                0x08002514       0x6c ./Drivers/STM32F4xx_HAL_Driver/Src/stm32f4xx_hal_dma.o
 .text.DMA_CheckFifoParam
                0x08002580       0xf8 ./Drivers/STM32F4xx_HAL_Driver/Src/stm32f4xx_hal_dma.o
 .text.HAL_GPIO_Init
                0x08002678      0x358 ./Drivers/STM32F4xx_HAL_Driver/Src/stm32f4xx_hal_gpio.o
                0x08002678                HAL_GPIO_Init
 .text.HAL_GPIO_WritePin
                0x080029d0       0x32 ./Drivers/STM32F4xx_HAL_Driver/Src/stm32f4xx_hal_gpio.o
                0x080029d0                HAL_GPIO_WritePin
 .text.HAL_GPIO_TogglePin
                0x08002a02       0x34 ./Drivers/STM32F4xx_HAL_Driver/Src/stm32f4xx_hal_gpio.o
                0x08002a02                HAL_GPIO_TogglePin
 *fill*         0x08002a36        0x2 
 .text.HAL_I2C_Init
                0x08002a38      0x288 ./Drivers/STM32F4xx_HAL_Driver/Src/stm32f4xx_hal_i2c.o
                0x08002a38                HAL_I2C_Init
 .text.HAL_I2CEx_ConfigAnalogFilter
                0x08002cc0       0x78 ./Drivers/STM32F4xx_HAL_Driver/Src/stm32f4xx_hal_i2c_ex.o
                0x08002cc0                HAL_I2CEx_ConfigAnalogFilter
 .text.HAL_I2CEx_ConfigDigitalFilter
                0x08002d38       0x7e ./Drivers/STM32F4xx_HAL_Driver/Src/stm32f4xx_hal_i2c_ex.o
                0x08002d38                HAL_I2CEx_ConfigDigitalFilter
 *fill*         0x08002db6        0x2 
 .text.HAL_LTDC_Init
                0x08002db8      0x1a0 ./Drivers/STM32F4xx_HAL_Driver/Src/stm32f4xx_hal_ltdc.o
                0x08002db8                HAL_LTDC_Init
 .text.HAL_LTDC_IRQHandler
                0x08002f58      0x148 ./Drivers/STM32F4xx_HAL_Driver/Src/stm32f4xx_hal_ltdc.o
                0x08002f58                HAL_LTDC_IRQHandler
 .text.HAL_LTDC_ErrorCallback
                0x080030a0       0x14 ./Drivers/STM32F4xx_HAL_Driver/Src/stm32f4xx_hal_ltdc.o
                0x080030a0                HAL_LTDC_ErrorCallback
 .text.HAL_LTDC_LineEventCallback
                0x080030b4       0x14 ./Drivers/STM32F4xx_HAL_Driver/Src/stm32f4xx_hal_ltdc.o
                0x080030b4                HAL_LTDC_LineEventCallback
 .text.HAL_LTDC_ReloadEventCallback
                0x080030c8       0x14 ./Drivers/STM32F4xx_HAL_Driver/Src/stm32f4xx_hal_ltdc.o
                0x080030c8                HAL_LTDC_ReloadEventCallback
 .text.HAL_LTDC_ConfigLayer
                0x080030dc       0x7c ./Drivers/STM32F4xx_HAL_Driver/Src/stm32f4xx_hal_ltdc.o
                0x080030dc                HAL_LTDC_ConfigLayer
 .text.LTDC_SetConfig
                0x08003158      0x32e ./Drivers/STM32F4xx_HAL_Driver/Src/stm32f4xx_hal_ltdc.o
 *fill*         0x08003486        0x2 
 .text.HAL_RCC_OscConfig
                0x08003488      0x4f0 ./Drivers/STM32F4xx_HAL_Driver/Src/stm32f4xx_hal_rcc.o
                0x08003488                HAL_RCC_OscConfig
 .text.HAL_RCC_ClockConfig
                0x08003978      0x1cc ./Drivers/STM32F4xx_HAL_Driver/Src/stm32f4xx_hal_rcc.o
                0x08003978                HAL_RCC_ClockConfig
 .text.HAL_RCC_GetSysClockFreq
                0x08003b44      0x20c ./Drivers/STM32F4xx_HAL_Driver/Src/stm32f4xx_hal_rcc.o
                0x08003b44                HAL_RCC_GetSysClockFreq
 .text.HAL_RCC_GetHCLKFreq
                0x08003d50       0x18 ./Drivers/STM32F4xx_HAL_Driver/Src/stm32f4xx_hal_rcc.o
                0x08003d50                HAL_RCC_GetHCLKFreq
 .text.HAL_RCC_GetPCLK1Freq
                0x08003d68       0x28 ./Drivers/STM32F4xx_HAL_Driver/Src/stm32f4xx_hal_rcc.o
                0x08003d68                HAL_RCC_GetPCLK1Freq
 .text.HAL_RCC_GetPCLK2Freq
                0x08003d90       0x28 ./Drivers/STM32F4xx_HAL_Driver/Src/stm32f4xx_hal_rcc.o
                0x08003d90                HAL_RCC_GetPCLK2Freq
 .text.HAL_RCC_GetClockConfig
                0x08003db8       0x64 ./Drivers/STM32F4xx_HAL_Driver/Src/stm32f4xx_hal_rcc.o
                0x08003db8                HAL_RCC_GetClockConfig
 .text.HAL_RCCEx_PeriphCLKConfig
                0x08003e1c      0x380 ./Drivers/STM32F4xx_HAL_Driver/Src/stm32f4xx_hal_rcc_ex.o
                0x08003e1c                HAL_RCCEx_PeriphCLKConfig
 .text.HAL_SDRAM_Init
                0x0800419c       0x68 ./Drivers/STM32F4xx_HAL_Driver/Src/stm32f4xx_hal_sdram.o
                0x0800419c                HAL_SDRAM_Init
 .text.HAL_SPI_Init
                0x08004204      0x112 ./Drivers/STM32F4xx_HAL_Driver/Src/stm32f4xx_hal_spi.o
                0x08004204                HAL_SPI_Init
 .text.HAL_TIM_Base_Init
                0x08004316       0x9e ./Drivers/STM32F4xx_HAL_Driver/Src/stm32f4xx_hal_tim.o
                0x08004316                HAL_TIM_Base_Init
 .text.HAL_TIM_Base_Start_IT
                0x080043b4       0xe0 ./Drivers/STM32F4xx_HAL_Driver/Src/stm32f4xx_hal_tim.o
                0x080043b4                HAL_TIM_Base_Start_IT
 .text.HAL_TIM_IRQHandler
                0x08004494      0x1e0 ./Drivers/STM32F4xx_HAL_Driver/Src/stm32f4xx_hal_tim.o
                0x08004494                HAL_TIM_IRQHandler
 .text.HAL_TIM_ConfigClockSource
                0x08004674      0x18e ./Drivers/STM32F4xx_HAL_Driver/Src/stm32f4xx_hal_tim.o
                0x08004674                HAL_TIM_ConfigClockSource
 .text.HAL_TIM_OC_DelayElapsedCallback
                0x08004802       0x14 ./Drivers/STM32F4xx_HAL_Driver/Src/stm32f4xx_hal_tim.o
                0x08004802                HAL_TIM_OC_DelayElapsedCallback
 .text.HAL_TIM_IC_CaptureCallback
                0x08004816       0x14 ./Drivers/STM32F4xx_HAL_Driver/Src/stm32f4xx_hal_tim.o
                0x08004816                HAL_TIM_IC_CaptureCallback
 .text.HAL_TIM_PWM_PulseFinishedCallback
                0x0800482a       0x14 ./Drivers/STM32F4xx_HAL_Driver/Src/stm32f4xx_hal_tim.o
                0x0800482a                HAL_TIM_PWM_PulseFinishedCallback
 .text.HAL_TIM_TriggerCallback
                0x0800483e       0x14 ./Drivers/STM32F4xx_HAL_Driver/Src/stm32f4xx_hal_tim.o
                0x0800483e                HAL_TIM_TriggerCallback
 *fill*         0x08004852        0x2 
 .text.TIM_Base_SetConfig
                0x08004854      0x158 ./Drivers/STM32F4xx_HAL_Driver/Src/stm32f4xx_hal_tim.o
                0x08004854                TIM_Base_SetConfig
 .text.TIM_TI1_ConfigInputStage
                0x080049ac       0x5e ./Drivers/STM32F4xx_HAL_Driver/Src/stm32f4xx_hal_tim.o
 .text.TIM_TI2_ConfigInputStage
                0x08004a0a       0x60 ./Drivers/STM32F4xx_HAL_Driver/Src/stm32f4xx_hal_tim.o
 .text.TIM_ITRx_SetConfig
                0x08004a6a       0x36 ./Drivers/STM32F4xx_HAL_Driver/Src/stm32f4xx_hal_tim.o
 .text.TIM_ETR_SetConfig
                0x08004aa0       0x40 ./Drivers/STM32F4xx_HAL_Driver/Src/stm32f4xx_hal_tim.o
                0x08004aa0                TIM_ETR_SetConfig
 .text.HAL_TIMEx_MasterConfigSynchronization
                0x08004ae0       0xf8 ./Drivers/STM32F4xx_HAL_Driver/Src/stm32f4xx_hal_tim_ex.o
                0x08004ae0                HAL_TIMEx_MasterConfigSynchronization
 .text.HAL_TIMEx_CommutCallback
                0x08004bd8       0x14 ./Drivers/STM32F4xx_HAL_Driver/Src/stm32f4xx_hal_tim_ex.o
                0x08004bd8                HAL_TIMEx_CommutCallback
 .text.HAL_TIMEx_BreakCallback
                0x08004bec       0x14 ./Drivers/STM32F4xx_HAL_Driver/Src/stm32f4xx_hal_tim_ex.o
                0x08004bec                HAL_TIMEx_BreakCallback
 .text.HAL_UART_Init
                0x08004c00       0xa0 ./Drivers/STM32F4xx_HAL_Driver/Src/stm32f4xx_hal_uart.o
                0x08004c00                HAL_UART_Init
 .text.UART_SetConfig
                0x08004ca0      0x4e8 ./Drivers/STM32F4xx_HAL_Driver/Src/stm32f4xx_hal_uart.o
 .text.FMC_SDRAM_Init
                0x08005188       0xba ./Drivers/STM32F4xx_HAL_Driver/Src/stm32f4xx_ll_fmc.o
                0x08005188                FMC_SDRAM_Init
 .text.FMC_SDRAM_Timing_Init
                0x08005242       0xd2 ./Drivers/STM32F4xx_HAL_Driver/Src/stm32f4xx_ll_fmc.o
                0x08005242                FMC_SDRAM_Timing_Init
 .text.memset   0x08005314       0x10 C:/ST/STM32CubeIDE_1.7.0/STM32CubeIDE/plugins/com.st.stm32cube.ide.mcu.externaltools.gnu-tools-for-stm32.12.3.rel1.win32_1.0.200.202406191623/tools/bin/../lib/gcc/arm-none-eabi/12.3.1/../../../../arm-none-eabi/lib/thumb/v7e-m+fp/hard\libc_nano.a(libc_a-memset.o)
                0x08005314                memset
 .text.__libc_init_array
                0x08005324       0x48 C:/ST/STM32CubeIDE_1.7.0/STM32CubeIDE/plugins/com.st.stm32cube.ide.mcu.externaltools.gnu-tools-for-stm32.12.3.rel1.win32_1.0.200.202406191623/tools/bin/../lib/gcc/arm-none-eabi/12.3.1/../../../../arm-none-eabi/lib/thumb/v7e-m+fp/hard\libc_nano.a(libc_a-init.o)
                0x08005324                __libc_init_array
 *(.glue_7)
 .glue_7        0x0800536c        0x0 linker stubs
 *(.glue_7t)
 .glue_7t       0x0800536c        0x0 linker stubs
 *(.eh_frame)
 .eh_frame      0x0800536c        0x0 C:/ST/STM32CubeIDE_1.7.0/STM32CubeIDE/plugins/com.st.stm32cube.ide.mcu.externaltools.gnu-tools-for-stm32.12.3.rel1.win32_1.0.200.202406191623/tools/bin/../lib/gcc/arm-none-eabi/12.3.1/thumb/v7e-m+fp/hard/crtbegin.o
 *(.init)
 .init          0x0800536c        0x4 C:/ST/STM32CubeIDE_1.7.0/STM32CubeIDE/plugins/com.st.stm32cube.ide.mcu.externaltools.gnu-tools-for-stm32.12.3.rel1.win32_1.0.200.202406191623/tools/bin/../lib/gcc/arm-none-eabi/12.3.1/thumb/v7e-m+fp/hard/crti.o
                0x0800536c                _init
 .init          0x08005370        0x8 C:/ST/STM32CubeIDE_1.7.0/STM32CubeIDE/plugins/com.st.stm32cube.ide.mcu.externaltools.gnu-tools-for-stm32.12.3.rel1.win32_1.0.200.202406191623/tools/bin/../lib/gcc/arm-none-eabi/12.3.1/thumb/v7e-m+fp/hard/crtn.o
 *(.fini)
 .fini          0x08005378        0x4 C:/ST/STM32CubeIDE_1.7.0/STM32CubeIDE/plugins/com.st.stm32cube.ide.mcu.externaltools.gnu-tools-for-stm32.12.3.rel1.win32_1.0.200.202406191623/tools/bin/../lib/gcc/arm-none-eabi/12.3.1/thumb/v7e-m+fp/hard/crti.o
                0x08005378                _fini
 .fini          0x0800537c        0x8 C:/ST/STM32CubeIDE_1.7.0/STM32CubeIDE/plugins/com.st.stm32cube.ide.mcu.externaltools.gnu-tools-for-stm32.12.3.rel1.win32_1.0.200.202406191623/tools/bin/../lib/gcc/arm-none-eabi/12.3.1/thumb/v7e-m+fp/hard/crtn.o
                0x08005384                        . = ALIGN (0x4)
                0x08005384                        _etext = .

.vfp11_veneer   0x08005384        0x0
 .vfp11_veneer  0x08005384        0x0 linker stubs

.v4_bx          0x08005384        0x0
 .v4_bx         0x08005384        0x0 linker stubs

.iplt           0x08005384        0x0
 .iplt          0x08005384        0x0 C:/ST/STM32CubeIDE_1.7.0/STM32CubeIDE/plugins/com.st.stm32cube.ide.mcu.externaltools.gnu-tools-for-stm32.12.3.rel1.win32_1.0.200.202406191623/tools/bin/../lib/gcc/arm-none-eabi/12.3.1/thumb/v7e-m+fp/hard/crtbegin.o

.rodata         0x08005384       0x20
                0x08005384                        . = ALIGN (0x4)
 *(.rodata)
 *(.rodata*)
 .rodata.AHBPrescTable
                0x08005384       0x10 ./Core/Src/system_stm32f4xx.o
                0x08005384                AHBPrescTable
 .rodata.APBPrescTable
                0x08005394        0x8 ./Core/Src/system_stm32f4xx.o
                0x08005394                APBPrescTable
 .rodata.flagBitshiftOffset.0
                0x0800539c        0x8 ./Drivers/STM32F4xx_HAL_Driver/Src/stm32f4xx_hal_dma.o
                0x080053a4                        . = ALIGN (0x4)

.ARM.extab      0x080053a4        0x0
                0x080053a4                        . = ALIGN (0x4)
 *(.ARM.extab* .gnu.linkonce.armextab.*)
                0x080053a4                        . = ALIGN (0x4)

.ARM            0x080053a4        0x8
                0x080053a4                        . = ALIGN (0x4)
                0x080053a4                        __exidx_start = .
 *(.ARM.exidx*)
 .ARM.exidx     0x080053a4        0x8 C:/ST/STM32CubeIDE_1.7.0/STM32CubeIDE/plugins/com.st.stm32cube.ide.mcu.externaltools.gnu-tools-for-stm32.12.3.rel1.win32_1.0.200.202406191623/tools/bin/../lib/gcc/arm-none-eabi/12.3.1/thumb/v7e-m+fp/hard\libgcc.a(_udivmoddi4.o)
                0x080053ac                        __exidx_end = .
                0x080053ac                        . = ALIGN (0x4)

.preinit_array  0x080053ac        0x0
                0x080053ac                        . = ALIGN (0x4)
                0x080053ac                        PROVIDE (__preinit_array_start = .)
 *(.preinit_array*)
                0x080053ac                        PROVIDE (__preinit_array_end = .)
                0x080053ac                        . = ALIGN (0x4)

.init_array     0x080053ac        0x4
                0x080053ac                        . = ALIGN (0x4)
                0x080053ac                        PROVIDE (__init_array_start = .)
 *(SORT_BY_NAME(.init_array.*))
 *(.init_array*)
 .init_array    0x080053ac        0x4 C:/ST/STM32CubeIDE_1.7.0/STM32CubeIDE/plugins/com.st.stm32cube.ide.mcu.externaltools.gnu-tools-for-stm32.12.3.rel1.win32_1.0.200.202406191623/tools/bin/../lib/gcc/arm-none-eabi/12.3.1/thumb/v7e-m+fp/hard/crtbegin.o
                0x080053b0                        PROVIDE (__init_array_end = .)
                0x080053b0                        . = ALIGN (0x4)

.fini_array     0x080053b0        0x4
                0x080053b0                        . = ALIGN (0x4)
                [!provide]                        PROVIDE (__fini_array_start = .)
 *(SORT_BY_NAME(.fini_array.*))
 *(.fini_array*)
 .fini_array    0x080053b0        0x4 C:/ST/STM32CubeIDE_1.7.0/STM32CubeIDE/plugins/com.st.stm32cube.ide.mcu.externaltools.gnu-tools-for-stm32.12.3.rel1.win32_1.0.200.202406191623/tools/bin/../lib/gcc/arm-none-eabi/12.3.1/thumb/v7e-m+fp/hard/crtbegin.o
                [!provide]                        PROVIDE (__fini_array_end = .)
                0x080053b4                        . = ALIGN (0x4)
                0x080053b4                        _sidata = LOADADDR (.data)

.rel.dyn        0x080053b4        0x0
 .rel.iplt      0x080053b4        0x0 C:/ST/STM32CubeIDE_1.7.0/STM32CubeIDE/plugins/com.st.stm32cube.ide.mcu.externaltools.gnu-tools-for-stm32.12.3.rel1.win32_1.0.200.202406191623/tools/bin/../lib/gcc/arm-none-eabi/12.3.1/thumb/v7e-m+fp/hard/crtbegin.o

.data           0x20000000        0xc load address 0x080053b4
                0x20000000                        . = ALIGN (0x4)
                0x20000000                        _sdata = .
 *(.data)
 *(.data*)
 .data.SystemCoreClock
                0x20000000        0x4 ./Core/Src/system_stm32f4xx.o
                0x20000000                SystemCoreClock
 .data.uwTickPrio
                0x20000004        0x4 ./Drivers/STM32F4xx_HAL_Driver/Src/stm32f4xx_hal.o
                0x20000004                uwTickPrio
 .data.uwTickFreq
                0x20000008        0x1 ./Drivers/STM32F4xx_HAL_Driver/Src/stm32f4xx_hal.o
                0x20000008                uwTickFreq
 *(.RamFunc)
 *(.RamFunc*)
                0x2000000c                        . = ALIGN (0x4)
 *fill*         0x20000009        0x3 
                0x2000000c                        _edata = .
                0x080053c0                        _siccmram = LOADADDR (.ccmram)

.igot.plt       0x2000000c        0x0 load address 0x080053c0
 .igot.plt      0x2000000c        0x0 C:/ST/STM32CubeIDE_1.7.0/STM32CubeIDE/plugins/com.st.stm32cube.ide.mcu.externaltools.gnu-tools-for-stm32.12.3.rel1.win32_1.0.200.202406191623/tools/bin/../lib/gcc/arm-none-eabi/12.3.1/thumb/v7e-m+fp/hard/crtbegin.o

.ccmram         0x10000000        0x0 load address 0x080053c0
                0x10000000                        . = ALIGN (0x4)
                0x10000000                        _sccmram = .
 *(.ccmram)
 *(.ccmram*)
                0x10000000                        . = ALIGN (0x4)
                0x10000000                        _eccmram = .
                0x10000000                        . = ALIGN (0x4)

.bss            0x2000000c      0x340
                0x2000000c                        _sbss = .
                0x2000000c                        __bss_start__ = _sbss
 *(.bss)
 .bss           0x2000000c       0x1c C:/ST/STM32CubeIDE_1.7.0/STM32CubeIDE/plugins/com.st.stm32cube.ide.mcu.externaltools.gnu-tools-for-stm32.12.3.rel1.win32_1.0.200.202406191623/tools/bin/../lib/gcc/arm-none-eabi/12.3.1/thumb/v7e-m+fp/hard/crtbegin.o
 *(.bss*)
 .bss.adc_vol   0x20000028        0x4 ./App/ap.o
                0x20000028                adc_vol
 .bss.adc_data  0x2000002c        0x6 ./App/src/adc.o
                0x2000002c                adc_data
 *fill*         0x20000032        0x2 
 .bss.hadc1     0x20000034       0x48 ./Core/Src/main.o
                0x20000034                hadc1
 .bss.hdma_adc1
                0x2000007c       0x60 ./Core/Src/main.o
                0x2000007c                hdma_adc1
 .bss.hcrc      0x200000dc        0x8 ./Core/Src/main.o
                0x200000dc                hcrc
 .bss.hi2c3     0x200000e4       0x54 ./Core/Src/main.o
                0x200000e4                hi2c3
 .bss.hltdc     0x20000138       0xa8 ./Core/Src/main.o
                0x20000138                hltdc
 .bss.hspi5     0x200001e0       0x58 ./Core/Src/main.o
                0x200001e0                hspi5
 .bss.htim1     0x20000238       0x48 ./Core/Src/main.o
                0x20000238                htim1
 .bss.huart1    0x20000280       0x48 ./Core/Src/main.o
                0x20000280                huart1
 .bss.hsdram1   0x200002c8       0x34 ./Core/Src/main.o
                0x200002c8                hsdram1
 .bss.FMC_Initialized
                0x200002fc        0x4 ./Core/Src/stm32f4xx_hal_msp.o
 .bss.htim6     0x20000300       0x48 ./Core/Src/stm32f4xx_hal_timebase_tim.o
                0x20000300                htim6
 .bss.uwTick    0x20000348        0x4 ./Drivers/STM32F4xx_HAL_Driver/Src/stm32f4xx_hal.o
                0x20000348                uwTick
 *(COMMON)
                0x2000034c                        . = ALIGN (0x4)
                0x2000034c                        _ebss = .
                0x2000034c                        __bss_end__ = _ebss

._user_heap_stack
                0x2000034c      0x604
                0x20000350                        . = ALIGN (0x8)
 *fill*         0x2000034c        0x4 
                [!provide]                        PROVIDE (end = .)
                0x20000350                        PROVIDE (_end = .)
                0x20000550                        . = (. + _Min_Heap_Size)
 *fill*         0x20000350      0x200 
                0x20000950                        . = (. + _Min_Stack_Size)
 *fill*         0x20000550      0x400 
                0x20000950                        . = ALIGN (0x8)

/DISCARD/
 libc.a(*)
 libm.a(*)
 libgcc.a(*)

.ARM.attributes
                0x00000000       0x30
 *(.ARM.attributes)
 .ARM.attributes
                0x00000000       0x22 C:/ST/STM32CubeIDE_1.7.0/STM32CubeIDE/plugins/com.st.stm32cube.ide.mcu.externaltools.gnu-tools-for-stm32.12.3.rel1.win32_1.0.200.202406191623/tools/bin/../lib/gcc/arm-none-eabi/12.3.1/thumb/v7e-m+fp/hard/crti.o
 .ARM.attributes
                0x00000022       0x34 C:/ST/STM32CubeIDE_1.7.0/STM32CubeIDE/plugins/com.st.stm32cube.ide.mcu.externaltools.gnu-tools-for-stm32.12.3.rel1.win32_1.0.200.202406191623/tools/bin/../lib/gcc/arm-none-eabi/12.3.1/thumb/v7e-m+fp/hard/crtbegin.o
 .ARM.attributes
                0x00000056       0x34 ./App/ap.o
 .ARM.attributes
                0x0000008a       0x34 ./App/src/adc.o
 .ARM.attributes
                0x000000be       0x34 ./App/src/utils.o
 .ARM.attributes
                0x000000f2       0x34 ./Core/Src/main.o
 .ARM.attributes
                0x00000126       0x34 ./Core/Src/stm32f4xx_hal_msp.o
 .ARM.attributes
                0x0000015a       0x34 ./Core/Src/stm32f4xx_hal_timebase_tim.o
 .ARM.attributes
                0x0000018e       0x34 ./Core/Src/stm32f4xx_it.o
 .ARM.attributes
                0x000001c2       0x34 ./Core/Src/system_stm32f4xx.o
 .ARM.attributes
                0x000001f6       0x21 ./Core/Startup/startup_stm32f429zitx.o
 .ARM.attributes
                0x00000217       0x34 ./Drivers/STM32F4xx_HAL_Driver/Src/stm32f4xx_hal.o
 .ARM.attributes
                0x0000024b       0x34 ./Drivers/STM32F4xx_HAL_Driver/Src/stm32f4xx_hal_adc.o
 .ARM.attributes
                0x0000027f       0x34 ./Drivers/STM32F4xx_HAL_Driver/Src/stm32f4xx_hal_cortex.o
 .ARM.attributes
                0x000002b3       0x34 ./Drivers/STM32F4xx_HAL_Driver/Src/stm32f4xx_hal_crc.o
 .ARM.attributes
                0x000002e7       0x34 ./Drivers/STM32F4xx_HAL_Driver/Src/stm32f4xx_hal_dma.o
 .ARM.attributes
                0x0000031b       0x34 ./Drivers/STM32F4xx_HAL_Driver/Src/stm32f4xx_hal_gpio.o
 .ARM.attributes
                0x0000034f       0x34 ./Drivers/STM32F4xx_HAL_Driver/Src/stm32f4xx_hal_i2c.o
 .ARM.attributes
                0x00000383       0x34 ./Drivers/STM32F4xx_HAL_Driver/Src/stm32f4xx_hal_i2c_ex.o
 .ARM.attributes
                0x000003b7       0x34 ./Drivers/STM32F4xx_HAL_Driver/Src/stm32f4xx_hal_ltdc.o
 .ARM.attributes
                0x000003eb       0x34 ./Drivers/STM32F4xx_HAL_Driver/Src/stm32f4xx_hal_rcc.o
 .ARM.attributes
                0x0000041f       0x34 ./Drivers/STM32F4xx_HAL_Driver/Src/stm32f4xx_hal_rcc_ex.o
 .ARM.attributes
                0x00000453       0x34 ./Drivers/STM32F4xx_HAL_Driver/Src/stm32f4xx_hal_sdram.o
 .ARM.attributes
                0x00000487       0x34 ./Drivers/STM32F4xx_HAL_Driver/Src/stm32f4xx_hal_spi.o
 .ARM.attributes
                0x000004bb       0x34 ./Drivers/STM32F4xx_HAL_Driver/Src/stm32f4xx_hal_tim.o
 .ARM.attributes
                0x000004ef       0x34 ./Drivers/STM32F4xx_HAL_Driver/Src/stm32f4xx_hal_tim_ex.o
 .ARM.attributes
                0x00000523       0x34 ./Drivers/STM32F4xx_HAL_Driver/Src/stm32f4xx_hal_uart.o
 .ARM.attributes
                0x00000557       0x34 ./Drivers/STM32F4xx_HAL_Driver/Src/stm32f4xx_ll_fmc.o
 .ARM.attributes
                0x0000058b       0x34 C:/ST/STM32CubeIDE_1.7.0/STM32CubeIDE/plugins/com.st.stm32cube.ide.mcu.externaltools.gnu-tools-for-stm32.12.3.rel1.win32_1.0.200.202406191623/tools/bin/../lib/gcc/arm-none-eabi/12.3.1/../../../../arm-none-eabi/lib/thumb/v7e-m+fp/hard\libc_nano.a(libc_a-memset.o)
 .ARM.attributes
                0x000005bf       0x34 C:/ST/STM32CubeIDE_1.7.0/STM32CubeIDE/plugins/com.st.stm32cube.ide.mcu.externaltools.gnu-tools-for-stm32.12.3.rel1.win32_1.0.200.202406191623/tools/bin/../lib/gcc/arm-none-eabi/12.3.1/../../../../arm-none-eabi/lib/thumb/v7e-m+fp/hard\libc_nano.a(libc_a-init.o)
 .ARM.attributes
                0x000005f3       0x22 C:/ST/STM32CubeIDE_1.7.0/STM32CubeIDE/plugins/com.st.stm32cube.ide.mcu.externaltools.gnu-tools-for-stm32.12.3.rel1.win32_1.0.200.202406191623/tools/bin/../lib/gcc/arm-none-eabi/12.3.1/thumb/v7e-m+fp/hard\libgcc.a(_aeabi_uldivmod.o)
 .ARM.attributes
                0x00000615       0x34 C:/ST/STM32CubeIDE_1.7.0/STM32CubeIDE/plugins/com.st.stm32cube.ide.mcu.externaltools.gnu-tools-for-stm32.12.3.rel1.win32_1.0.200.202406191623/tools/bin/../lib/gcc/arm-none-eabi/12.3.1/thumb/v7e-m+fp/hard\libgcc.a(_udivmoddi4.o)
 .ARM.attributes
                0x00000649       0x22 C:/ST/STM32CubeIDE_1.7.0/STM32CubeIDE/plugins/com.st.stm32cube.ide.mcu.externaltools.gnu-tools-for-stm32.12.3.rel1.win32_1.0.200.202406191623/tools/bin/../lib/gcc/arm-none-eabi/12.3.1/thumb/v7e-m+fp/hard\libgcc.a(_dvmd_tls.o)
 .ARM.attributes
                0x0000066b       0x22 C:/ST/STM32CubeIDE_1.7.0/STM32CubeIDE/plugins/com.st.stm32cube.ide.mcu.externaltools.gnu-tools-for-stm32.12.3.rel1.win32_1.0.200.202406191623/tools/bin/../lib/gcc/arm-none-eabi/12.3.1/thumb/v7e-m+fp/hard/crtn.o
OUTPUT(delay.elf elf32-littlearm)
LOAD linker stubs
LOAD C:/ST/STM32CubeIDE_1.7.0/STM32CubeIDE/plugins/com.st.stm32cube.ide.mcu.externaltools.gnu-tools-for-stm32.12.3.rel1.win32_1.0.200.202406191623/tools/bin/../lib/gcc/arm-none-eabi/12.3.1/../../../../arm-none-eabi/lib/thumb/v7e-m+fp/hard\libc.a
LOAD C:/ST/STM32CubeIDE_1.7.0/STM32CubeIDE/plugins/com.st.stm32cube.ide.mcu.externaltools.gnu-tools-for-stm32.12.3.rel1.win32_1.0.200.202406191623/tools/bin/../lib/gcc/arm-none-eabi/12.3.1/../../../../arm-none-eabi/lib/thumb/v7e-m+fp/hard\libm.a
LOAD C:/ST/STM32CubeIDE_1.7.0/STM32CubeIDE/plugins/com.st.stm32cube.ide.mcu.externaltools.gnu-tools-for-stm32.12.3.rel1.win32_1.0.200.202406191623/tools/bin/../lib/gcc/arm-none-eabi/12.3.1/thumb/v7e-m+fp/hard\libgcc.a

.debug_info     0x00000000    0x18c46
 .debug_info    0x00000000      0x201 ./App/ap.o
 .debug_info    0x00000201      0x6aa ./App/src/adc.o
 .debug_info    0x000008ab       0xe6 ./App/src/utils.o
 .debug_info    0x00000991     0x21e4 ./Core/Src/main.o
 .debug_info    0x00002b75     0x22c3 ./Core/Src/stm32f4xx_hal_msp.o
 .debug_info    0x00004e38      0xc40 ./Core/Src/stm32f4xx_hal_timebase_tim.o
 .debug_info    0x00005a78      0xac7 ./Core/Src/stm32f4xx_it.o
 .debug_info    0x0000653f      0x52e ./Core/Src/system_stm32f4xx.o
 .debug_info    0x00006a6d       0x30 ./Core/Startup/startup_stm32f429zitx.o
 .debug_info    0x00006a9d      0x9ba ./Drivers/STM32F4xx_HAL_Driver/Src/stm32f4xx_hal.o
 .debug_info    0x00007457      0xcd4 ./Drivers/STM32F4xx_HAL_Driver/Src/stm32f4xx_hal_adc.o
 .debug_info    0x0000812b      0xd8d ./Drivers/STM32F4xx_HAL_Driver/Src/stm32f4xx_hal_cortex.o
 .debug_info    0x00008eb8      0x37f ./Drivers/STM32F4xx_HAL_Driver/Src/stm32f4xx_hal_crc.o
 .debug_info    0x00009237      0x8e7 ./Drivers/STM32F4xx_HAL_Driver/Src/stm32f4xx_hal_dma.o
 .debug_info    0x00009b1e      0x6db ./Drivers/STM32F4xx_HAL_Driver/Src/stm32f4xx_hal_gpio.o
 .debug_info    0x0000a1f9     0x2421 ./Drivers/STM32F4xx_HAL_Driver/Src/stm32f4xx_hal_i2c.o
 .debug_info    0x0000c61a      0x672 ./Drivers/STM32F4xx_HAL_Driver/Src/stm32f4xx_hal_i2c_ex.o
 .debug_info    0x0000cc8c     0x1022 ./Drivers/STM32F4xx_HAL_Driver/Src/stm32f4xx_hal_ltdc.o
 .debug_info    0x0000dcae      0x8c9 ./Drivers/STM32F4xx_HAL_Driver/Src/stm32f4xx_hal_rcc.o
 .debug_info    0x0000e577      0x651 ./Drivers/STM32F4xx_HAL_Driver/Src/stm32f4xx_hal_rcc_ex.o
 .debug_info    0x0000ebc8      0xeb4 ./Drivers/STM32F4xx_HAL_Driver/Src/stm32f4xx_hal_sdram.o
 .debug_info    0x0000fa7c     0x15fb ./Drivers/STM32F4xx_HAL_Driver/Src/stm32f4xx_hal_spi.o
 .debug_info    0x00011077     0x299d ./Drivers/STM32F4xx_HAL_Driver/Src/stm32f4xx_hal_tim.o
 .debug_info    0x00013a14     0x14db ./Drivers/STM32F4xx_HAL_Driver/Src/stm32f4xx_hal_tim_ex.o
 .debug_info    0x00014eef     0x2f4f ./Drivers/STM32F4xx_HAL_Driver/Src/stm32f4xx_hal_uart.o
 .debug_info    0x00017e3e      0xe08 ./Drivers/STM32F4xx_HAL_Driver/Src/stm32f4xx_ll_fmc.o

.debug_abbrev   0x00000000     0x3527
 .debug_abbrev  0x00000000      0x141 ./App/ap.o
 .debug_abbrev  0x00000141      0x1e7 ./App/src/adc.o
 .debug_abbrev  0x00000328       0xb1 ./App/src/utils.o
 .debug_abbrev  0x000003d9      0x33a ./Core/Src/main.o
 .debug_abbrev  0x00000713      0x2c6 ./Core/Src/stm32f4xx_hal_msp.o
 .debug_abbrev  0x000009d9      0x1f4 ./Core/Src/stm32f4xx_hal_timebase_tim.o
 .debug_abbrev  0x00000bcd      0x191 ./Core/Src/stm32f4xx_it.o
 .debug_abbrev  0x00000d5e      0x11a ./Core/Src/system_stm32f4xx.o
 .debug_abbrev  0x00000e78       0x24 ./Core/Startup/startup_stm32f429zitx.o
 .debug_abbrev  0x00000e9c      0x214 ./Drivers/STM32F4xx_HAL_Driver/Src/stm32f4xx_hal.o
 .debug_abbrev  0x000010b0      0x252 ./Drivers/STM32F4xx_HAL_Driver/Src/stm32f4xx_hal_adc.o
 .debug_abbrev  0x00001302      0x328 ./Drivers/STM32F4xx_HAL_Driver/Src/stm32f4xx_hal_cortex.o
 .debug_abbrev  0x0000162a      0x1b1 ./Drivers/STM32F4xx_HAL_Driver/Src/stm32f4xx_hal_crc.o
 .debug_abbrev  0x000017db      0x264 ./Drivers/STM32F4xx_HAL_Driver/Src/stm32f4xx_hal_dma.o
 .debug_abbrev  0x00001a3f      0x1d4 ./Drivers/STM32F4xx_HAL_Driver/Src/stm32f4xx_hal_gpio.o
 .debug_abbrev  0x00001c13      0x2ad ./Drivers/STM32F4xx_HAL_Driver/Src/stm32f4xx_hal_i2c.o
 .debug_abbrev  0x00001ec0      0x157 ./Drivers/STM32F4xx_HAL_Driver/Src/stm32f4xx_hal_i2c_ex.o
 .debug_abbrev  0x00002017      0x233 ./Drivers/STM32F4xx_HAL_Driver/Src/stm32f4xx_hal_ltdc.o
 .debug_abbrev  0x0000224a      0x2b6 ./Drivers/STM32F4xx_HAL_Driver/Src/stm32f4xx_hal_rcc.o
 .debug_abbrev  0x00002500      0x1af ./Drivers/STM32F4xx_HAL_Driver/Src/stm32f4xx_hal_rcc_ex.o
 .debug_abbrev  0x000026af      0x240 ./Drivers/STM32F4xx_HAL_Driver/Src/stm32f4xx_hal_sdram.o
 .debug_abbrev  0x000028ef      0x284 ./Drivers/STM32F4xx_HAL_Driver/Src/stm32f4xx_hal_spi.o
 .debug_abbrev  0x00002b73      0x278 ./Drivers/STM32F4xx_HAL_Driver/Src/stm32f4xx_hal_tim.o
 .debug_abbrev  0x00002deb      0x283 ./Drivers/STM32F4xx_HAL_Driver/Src/stm32f4xx_hal_tim_ex.o
 .debug_abbrev  0x0000306e      0x30e ./Drivers/STM32F4xx_HAL_Driver/Src/stm32f4xx_hal_uart.o
 .debug_abbrev  0x0000337c      0x1ab ./Drivers/STM32F4xx_HAL_Driver/Src/stm32f4xx_ll_fmc.o

.debug_aranges  0x00000000     0x16e8
 .debug_aranges
                0x00000000       0x28 ./App/ap.o
 .debug_aranges
                0x00000028       0x30 ./App/src/adc.o
 .debug_aranges
                0x00000058       0x28 ./App/src/utils.o
 .debug_aranges
                0x00000080       0x90 ./Core/Src/main.o
 .debug_aranges
                0x00000110       0xb0 ./Core/Src/stm32f4xx_hal_msp.o
 .debug_aranges
                0x000001c0       0x30 ./Core/Src/stm32f4xx_hal_timebase_tim.o
 .debug_aranges
                0x000001f0       0x78 ./Core/Src/stm32f4xx_it.o
 .debug_aranges
                0x00000268       0x28 ./Core/Src/system_stm32f4xx.o
 .debug_aranges
                0x00000290       0x28 ./Core/Startup/startup_stm32f429zitx.o
 .debug_aranges
                0x000002b8      0x100 ./Drivers/STM32F4xx_HAL_Driver/Src/stm32f4xx_hal.o
 .debug_aranges
                0x000003b8       0xe8 ./Drivers/STM32F4xx_HAL_Driver/Src/stm32f4xx_hal_adc.o
 .debug_aranges
                0x000004a0      0x120 ./Drivers/STM32F4xx_HAL_Driver/Src/stm32f4xx_hal_cortex.o
 .debug_aranges
                0x000005c0       0x50 ./Drivers/STM32F4xx_HAL_Driver/Src/stm32f4xx_hal_crc.o
 .debug_aranges
                0x00000610       0x90 ./Drivers/STM32F4xx_HAL_Driver/Src/stm32f4xx_hal_dma.o
 .debug_aranges
                0x000006a0       0x58 ./Drivers/STM32F4xx_HAL_Driver/Src/stm32f4xx_hal_gpio.o
 .debug_aranges
                0x000006f8      0x2a8 ./Drivers/STM32F4xx_HAL_Driver/Src/stm32f4xx_hal_i2c.o
 .debug_aranges
                0x000009a0       0x28 ./Drivers/STM32F4xx_HAL_Driver/Src/stm32f4xx_hal_i2c_ex.o
 .debug_aranges
                0x000009c8      0x158 ./Drivers/STM32F4xx_HAL_Driver/Src/stm32f4xx_hal_ltdc.o
 .debug_aranges
                0x00000b20       0x88 ./Drivers/STM32F4xx_HAL_Driver/Src/stm32f4xx_hal_rcc.o
 .debug_aranges
                0x00000ba8       0x58 ./Drivers/STM32F4xx_HAL_Driver/Src/stm32f4xx_hal_rcc_ex.o
 .debug_aranges
                0x00000c00       0xe8 ./Drivers/STM32F4xx_HAL_Driver/Src/stm32f4xx_hal_sdram.o
 .debug_aranges
                0x00000ce8      0x1d0 ./Drivers/STM32F4xx_HAL_Driver/Src/stm32f4xx_hal_spi.o
 .debug_aranges
                0x00000eb8      0x3d0 ./Drivers/STM32F4xx_HAL_Driver/Src/stm32f4xx_hal_tim.o
 .debug_aranges
                0x00001288      0x168 ./Drivers/STM32F4xx_HAL_Driver/Src/stm32f4xx_hal_tim_ex.o
 .debug_aranges
                0x000013f0      0x208 ./Drivers/STM32F4xx_HAL_Driver/Src/stm32f4xx_hal_uart.o
 .debug_aranges
                0x000015f8       0xf0 ./Drivers/STM32F4xx_HAL_Driver/Src/stm32f4xx_ll_fmc.o

.debug_rnglists
                0x00000000     0x11ef
 .debug_rnglists
                0x00000000       0x19 ./App/ap.o
 .debug_rnglists
                0x00000019       0x1f ./App/src/adc.o
 .debug_rnglists
                0x00000038       0x19 ./App/src/utils.o
 .debug_rnglists
                0x00000051       0x6e ./Core/Src/main.o
 .debug_rnglists
                0x000000bf       0x86 ./Core/Src/stm32f4xx_hal_msp.o
 .debug_rnglists
                0x00000145       0x20 ./Core/Src/stm32f4xx_hal_timebase_tim.o
 .debug_rnglists
                0x00000165       0x55 ./Core/Src/stm32f4xx_it.o
 .debug_rnglists
                0x000001ba       0x1a ./Core/Src/system_stm32f4xx.o
 .debug_rnglists
                0x000001d4       0x19 ./Core/Startup/startup_stm32f429zitx.o
 .debug_rnglists
                0x000001ed       0xbb ./Drivers/STM32F4xx_HAL_Driver/Src/stm32f4xx_hal.o
 .debug_rnglists
                0x000002a8       0xb5 ./Drivers/STM32F4xx_HAL_Driver/Src/stm32f4xx_hal_adc.o
 .debug_rnglists
                0x0000035d       0xd4 ./Drivers/STM32F4xx_HAL_Driver/Src/stm32f4xx_hal_cortex.o
 .debug_rnglists
                0x00000431       0x37 ./Drivers/STM32F4xx_HAL_Driver/Src/stm32f4xx_hal_crc.o
 .debug_rnglists
                0x00000468       0x70 ./Drivers/STM32F4xx_HAL_Driver/Src/stm32f4xx_hal_dma.o
 .debug_rnglists
                0x000004d8       0x3f ./Drivers/STM32F4xx_HAL_Driver/Src/stm32f4xx_hal_gpio.o
 .debug_rnglists
                0x00000517      0x23c ./Drivers/STM32F4xx_HAL_Driver/Src/stm32f4xx_hal_i2c.o
 .debug_rnglists
                0x00000753       0x19 ./Drivers/STM32F4xx_HAL_Driver/Src/stm32f4xx_hal_i2c_ex.o
 .debug_rnglists
                0x0000076c      0x10a ./Drivers/STM32F4xx_HAL_Driver/Src/stm32f4xx_hal_ltdc.o
 .debug_rnglists
                0x00000876       0x66 ./Drivers/STM32F4xx_HAL_Driver/Src/stm32f4xx_hal_rcc.o
 .debug_rnglists
                0x000008dc       0x43 ./Drivers/STM32F4xx_HAL_Driver/Src/stm32f4xx_hal_rcc_ex.o
 .debug_rnglists
                0x0000091f       0xb1 ./Drivers/STM32F4xx_HAL_Driver/Src/stm32f4xx_hal_sdram.o
 .debug_rnglists
                0x000009d0      0x16f ./Drivers/STM32F4xx_HAL_Driver/Src/stm32f4xx_hal_spi.o
 .debug_rnglists
                0x00000b3f      0x31a ./Drivers/STM32F4xx_HAL_Driver/Src/stm32f4xx_hal_tim.o
 .debug_rnglists
                0x00000e59      0x125 ./Drivers/STM32F4xx_HAL_Driver/Src/stm32f4xx_hal_tim_ex.o
 .debug_rnglists
                0x00000f7e      0x1bc ./Drivers/STM32F4xx_HAL_Driver/Src/stm32f4xx_hal_uart.o
 .debug_rnglists
                0x0000113a       0xb5 ./Drivers/STM32F4xx_HAL_Driver/Src/stm32f4xx_ll_fmc.o

.debug_macro    0x00000000    0x27325
 .debug_macro   0x00000000      0x297 ./App/ap.o
 .debug_macro   0x00000297      0xab4 ./App/ap.o
 .debug_macro   0x00000d4b       0x22 ./App/ap.o
 .debug_macro   0x00000d6d       0x22 ./App/ap.o
 .debug_macro   0x00000d8f       0x8e ./App/ap.o
 .debug_macro   0x00000e1d       0x51 ./App/ap.o
 .debug_macro   0x00000e6e      0x103 ./App/ap.o
 .debug_macro   0x00000f71       0x6a ./App/ap.o
 .debug_macro   0x00000fdb      0x1df ./App/ap.o
 .debug_macro   0x000011ba      0x2bf ./App/ap.o
 .debug_macro   0x00001479       0x2e ./App/ap.o
 .debug_macro   0x000014a7       0x28 ./App/ap.o
 .debug_macro   0x000014cf       0x1c ./App/ap.o
 .debug_macro   0x000014eb       0x22 ./App/ap.o
 .debug_macro   0x0000150d       0xfb ./App/ap.o
 .debug_macro   0x00001608     0x1011 ./App/ap.o
 .debug_macro   0x00002619      0x11f ./App/ap.o
 .debug_macro   0x00002738    0x17fd8 ./App/ap.o
 .debug_macro   0x0001a710       0x6d ./App/ap.o
 .debug_macro   0x0001a77d     0x3703 ./App/ap.o
 .debug_macro   0x0001de80      0x189 ./App/ap.o
 .debug_macro   0x0001e009       0x5c ./App/ap.o
 .debug_macro   0x0001e065      0xcba ./App/ap.o
 .debug_macro   0x0001ed1f      0x9e9 ./App/ap.o
 .debug_macro   0x0001f708      0x115 ./App/ap.o
 .debug_macro   0x0001f81d      0x156 ./App/ap.o
 .debug_macro   0x0001f973       0xa5 ./App/ap.o
 .debug_macro   0x0001fa18      0x182 ./App/ap.o
 .debug_macro   0x0001fb9a      0x287 ./App/ap.o
 .debug_macro   0x0001fe21       0x5f ./App/ap.o
 .debug_macro   0x0001fe80      0x236 ./App/ap.o
 .debug_macro   0x000200b6      0xb54 ./App/ap.o
 .debug_macro   0x00020c0a      0x38b ./App/ap.o
 .debug_macro   0x00020f95      0x184 ./App/ap.o
 .debug_macro   0x00021119       0xf9 ./App/ap.o
 .debug_macro   0x00021212       0x22 ./App/ap.o
 .debug_macro   0x00021234      0x132 ./App/ap.o
 .debug_macro   0x00021366      0x41d ./App/ap.o
 .debug_macro   0x00021783       0x2e ./App/ap.o
 .debug_macro   0x000217b1      0x556 ./App/ap.o
 .debug_macro   0x00021d07      0x1b5 ./App/ap.o
 .debug_macro   0x00021ebc       0x22 ./App/ap.o
 .debug_macro   0x00021ede       0xd6 ./App/ap.o
 .debug_macro   0x00021fb4      0x198 ./App/ap.o
 .debug_macro   0x0002214c       0xd6 ./App/ap.o
 .debug_macro   0x00022222      0x127 ./App/ap.o
 .debug_macro   0x00022349       0xe2 ./App/ap.o
 .debug_macro   0x0002242b       0x89 ./App/ap.o
 .debug_macro   0x000224b4      0x225 ./App/ap.o
 .debug_macro   0x000226d9      0x8ed ./App/ap.o
 .debug_macro   0x00022fc6       0x4d ./App/ap.o
 .debug_macro   0x00023013      0x2aa ./App/ap.o
 .debug_macro   0x000232bd      0x134 ./App/ap.o
 .debug_macro   0x000233f1      0x4c8 ./App/ap.o
 .debug_macro   0x000238b9       0x22 ./App/ap.o
 .debug_macro   0x000238db      0x289 ./App/src/adc.o
 .debug_macro   0x00023b64      0x289 ./App/src/utils.o
 .debug_macro   0x00023ded      0x297 ./Core/Src/main.o
 .debug_macro   0x00024084      0x267 ./Core/Src/stm32f4xx_hal_msp.o
 .debug_macro   0x000242eb      0x258 ./Core/Src/stm32f4xx_hal_timebase_tim.o
 .debug_macro   0x00024543      0x271 ./Core/Src/stm32f4xx_it.o
 .debug_macro   0x000247b4      0x258 ./Core/Src/system_stm32f4xx.o
 .debug_macro   0x00024a0c      0x2b8 ./Drivers/STM32F4xx_HAL_Driver/Src/stm32f4xx_hal.o
 .debug_macro   0x00024cc4      0x259 ./Drivers/STM32F4xx_HAL_Driver/Src/stm32f4xx_hal_adc.o
 .debug_macro   0x00024f1d      0x258 ./Drivers/STM32F4xx_HAL_Driver/Src/stm32f4xx_hal_cortex.o
 .debug_macro   0x00025175      0x258 ./Drivers/STM32F4xx_HAL_Driver/Src/stm32f4xx_hal_crc.o
 .debug_macro   0x000253cd      0x25e ./Drivers/STM32F4xx_HAL_Driver/Src/stm32f4xx_hal_dma.o
 .debug_macro   0x0002562b      0x25e ./Drivers/STM32F4xx_HAL_Driver/Src/stm32f4xx_hal_gpio.o
 .debug_macro   0x00025889      0x2a6 ./Drivers/STM32F4xx_HAL_Driver/Src/stm32f4xx_hal_i2c.o
 .debug_macro   0x00025b2f      0x258 ./Drivers/STM32F4xx_HAL_Driver/Src/stm32f4xx_hal_i2c_ex.o
 .debug_macro   0x00025d87      0x260 ./Drivers/STM32F4xx_HAL_Driver/Src/stm32f4xx_hal_ltdc.o
 .debug_macro   0x00025fe7      0x27c ./Drivers/STM32F4xx_HAL_Driver/Src/stm32f4xx_hal_rcc.o
 .debug_macro   0x00026263      0x258 ./Drivers/STM32F4xx_HAL_Driver/Src/stm32f4xx_hal_rcc_ex.o
 .debug_macro   0x000264bb      0x258 ./Drivers/STM32F4xx_HAL_Driver/Src/stm32f4xx_hal_sdram.o
 .debug_macro   0x00026713      0x267 ./Drivers/STM32F4xx_HAL_Driver/Src/stm32f4xx_hal_spi.o
 .debug_macro   0x0002697a      0x259 ./Drivers/STM32F4xx_HAL_Driver/Src/stm32f4xx_hal_tim.o
 .debug_macro   0x00026bd3      0x258 ./Drivers/STM32F4xx_HAL_Driver/Src/stm32f4xx_hal_tim_ex.o
 .debug_macro   0x00026e2b      0x259 ./Drivers/STM32F4xx_HAL_Driver/Src/stm32f4xx_hal_uart.o
 .debug_macro   0x00027084      0x2a1 ./Drivers/STM32F4xx_HAL_Driver/Src/stm32f4xx_ll_fmc.o

.debug_line     0x00000000    0x1d608
 .debug_line    0x00000000      0x8d0 ./App/ap.o
 .debug_line    0x000008d0      0x8ec ./App/src/adc.o
 .debug_line    0x000011bc      0x8b4 ./App/src/utils.o
 .debug_line    0x00001a70      0xcc7 ./Core/Src/main.o
 .debug_line    0x00002737      0xc22 ./Core/Src/stm32f4xx_hal_msp.o
 .debug_line    0x00003359      0x8ce ./Core/Src/stm32f4xx_hal_timebase_tim.o
 .debug_line    0x00003c27      0x958 ./Core/Src/stm32f4xx_it.o
 .debug_line    0x0000457f      0x8d7 ./Core/Src/system_stm32f4xx.o
 .debug_line    0x00004e56       0x7a ./Core/Startup/startup_stm32f429zitx.o
 .debug_line    0x00004ed0      0xb76 ./Drivers/STM32F4xx_HAL_Driver/Src/stm32f4xx_hal.o
 .debug_line    0x00005a46     0x13d4 ./Drivers/STM32F4xx_HAL_Driver/Src/stm32f4xx_hal_adc.o
 .debug_line    0x00006e1a      0xe08 ./Drivers/STM32F4xx_HAL_Driver/Src/stm32f4xx_hal_cortex.o
 .debug_line    0x00007c22      0x999 ./Drivers/STM32F4xx_HAL_Driver/Src/stm32f4xx_hal_crc.o
 .debug_line    0x000085bb     0x10b0 ./Drivers/STM32F4xx_HAL_Driver/Src/stm32f4xx_hal_dma.o
 .debug_line    0x0000966b      0xcf4 ./Drivers/STM32F4xx_HAL_Driver/Src/stm32f4xx_hal_gpio.o
 .debug_line    0x0000a35f     0x3c86 ./Drivers/STM32F4xx_HAL_Driver/Src/stm32f4xx_hal_i2c.o
 .debug_line    0x0000dfe5      0x8cd ./Drivers/STM32F4xx_HAL_Driver/Src/stm32f4xx_hal_i2c_ex.o
 .debug_line    0x0000e8b2     0x18f7 ./Drivers/STM32F4xx_HAL_Driver/Src/stm32f4xx_hal_ltdc.o
 .debug_line    0x000101a9      0xeb3 ./Drivers/STM32F4xx_HAL_Driver/Src/stm32f4xx_hal_rcc.o
 .debug_line    0x0001105c      0xd11 ./Drivers/STM32F4xx_HAL_Driver/Src/stm32f4xx_hal_rcc_ex.o
 .debug_line    0x00011d6d      0xf3d ./Drivers/STM32F4xx_HAL_Driver/Src/stm32f4xx_hal_sdram.o
 .debug_line    0x00012caa     0x1e3b ./Drivers/STM32F4xx_HAL_Driver/Src/stm32f4xx_hal_spi.o
 .debug_line    0x00014ae5     0x38e4 ./Drivers/STM32F4xx_HAL_Driver/Src/stm32f4xx_hal_tim.o
 .debug_line    0x000183c9     0x1b36 ./Drivers/STM32F4xx_HAL_Driver/Src/stm32f4xx_hal_tim_ex.o
 .debug_line    0x00019eff     0x2a12 ./Drivers/STM32F4xx_HAL_Driver/Src/stm32f4xx_hal_uart.o
 .debug_line    0x0001c911      0xcf7 ./Drivers/STM32F4xx_HAL_Driver/Src/stm32f4xx_ll_fmc.o

.debug_str      0x00000000    0xeeb77
 .debug_str     0x00000000    0xe7adc ./App/ap.o
                              0xe7d53 (size before relaxing)
 .debug_str     0x000e7adc      0x3b8 ./App/src/adc.o
                              0xe811e (size before relaxing)
 .debug_str     0x000e7e94       0x49 ./App/src/utils.o
                              0xe7ccc (size before relaxing)
 .debug_str     0x000e7edd     0x128c ./Core/Src/main.o
                              0xe94fe (size before relaxing)
 .debug_str     0x000e9169      0x85d ./Core/Src/stm32f4xx_hal_msp.o
                              0xe979b (size before relaxing)
 .debug_str     0x000e99c6       0xf5 ./Core/Src/stm32f4xx_hal_timebase_tim.o
                              0xe7a01 (size before relaxing)
 .debug_str     0x000e9abb      0x10b ./Core/Src/stm32f4xx_it.o
                              0xe84c2 (size before relaxing)
 .debug_str     0x000e9bc6       0xdb ./Core/Src/system_stm32f4xx.o
                              0xe6ea6 (size before relaxing)
 .debug_str     0x000e9ca1       0x44 ./Core/Startup/startup_stm32f429zitx.o
                                 0x76 (size before relaxing)
 .debug_str     0x000e9ce5      0x5ee ./Drivers/STM32F4xx_HAL_Driver/Src/stm32f4xx_hal.o
                              0xe7ac9 (size before relaxing)
 .debug_str     0x000ea2d3      0x2af ./Drivers/STM32F4xx_HAL_Driver/Src/stm32f4xx_hal_adc.o
                              0xe7480 (size before relaxing)
 .debug_str     0x000ea582      0x333 ./Drivers/STM32F4xx_HAL_Driver/Src/stm32f4xx_hal_cortex.o
                              0xe77c5 (size before relaxing)
 .debug_str     0x000ea8b5       0x9d ./Drivers/STM32F4xx_HAL_Driver/Src/stm32f4xx_hal_crc.o
                              0xe6ec1 (size before relaxing)
 .debug_str     0x000ea952      0x2da ./Drivers/STM32F4xx_HAL_Driver/Src/stm32f4xx_hal_dma.o
                              0xe72ad (size before relaxing)
 .debug_str     0x000eac2c      0x109 ./Drivers/STM32F4xx_HAL_Driver/Src/stm32f4xx_hal_gpio.o
                              0xe7021 (size before relaxing)
 .debug_str     0x000ead35      0xaf4 ./Drivers/STM32F4xx_HAL_Driver/Src/stm32f4xx_hal_i2c.o
                              0xe7eb6 (size before relaxing)
 .debug_str     0x000eb829       0x3b ./Drivers/STM32F4xx_HAL_Driver/Src/stm32f4xx_hal_i2c_ex.o
                              0xe7275 (size before relaxing)
 .debug_str     0x000eb864      0x47d ./Drivers/STM32F4xx_HAL_Driver/Src/stm32f4xx_hal_ltdc.o
                              0xe750a (size before relaxing)
 .debug_str     0x000ebce1      0x1f2 ./Drivers/STM32F4xx_HAL_Driver/Src/stm32f4xx_hal_rcc.o
                              0xe72da (size before relaxing)
 .debug_str     0x000ebed3      0x133 ./Drivers/STM32F4xx_HAL_Driver/Src/stm32f4xx_hal_rcc_ex.o
                              0xe70a1 (size before relaxing)
 .debug_str     0x000ec006      0x3d2 ./Drivers/STM32F4xx_HAL_Driver/Src/stm32f4xx_hal_sdram.o
                              0xe75c6 (size before relaxing)
 .debug_str     0x000ec3d8      0x552 ./Drivers/STM32F4xx_HAL_Driver/Src/stm32f4xx_hal_spi.o
                              0xe7757 (size before relaxing)
 .debug_str     0x000ec92a      0xd95 ./Drivers/STM32F4xx_HAL_Driver/Src/stm32f4xx_hal_tim.o
                              0xe821d (size before relaxing)
 .debug_str     0x000ed6bf      0x493 ./Drivers/STM32F4xx_HAL_Driver/Src/stm32f4xx_hal_tim_ex.o
                              0xe7a29 (size before relaxing)
 .debug_str     0x000edb52      0x5ed ./Drivers/STM32F4xx_HAL_Driver/Src/stm32f4xx_hal_uart.o
                              0xe78a8 (size before relaxing)
 .debug_str     0x000ee13f      0xa38 ./Drivers/STM32F4xx_HAL_Driver/Src/stm32f4xx_ll_fmc.o
                              0xe7a90 (size before relaxing)

.comment        0x00000000       0x43
 .comment       0x00000000       0x43 ./App/ap.o
                                 0x44 (size before relaxing)
 .comment       0x00000043       0x44 ./App/src/adc.o
 .comment       0x00000043       0x44 ./App/src/utils.o
 .comment       0x00000043       0x44 ./Core/Src/main.o
 .comment       0x00000043       0x44 ./Core/Src/stm32f4xx_hal_msp.o
 .comment       0x00000043       0x44 ./Core/Src/stm32f4xx_hal_timebase_tim.o
 .comment       0x00000043       0x44 ./Core/Src/stm32f4xx_it.o
 .comment       0x00000043       0x44 ./Core/Src/system_stm32f4xx.o
 .comment       0x00000043       0x44 ./Drivers/STM32F4xx_HAL_Driver/Src/stm32f4xx_hal.o
 .comment       0x00000043       0x44 ./Drivers/STM32F4xx_HAL_Driver/Src/stm32f4xx_hal_adc.o
 .comment       0x00000043       0x44 ./Drivers/STM32F4xx_HAL_Driver/Src/stm32f4xx_hal_cortex.o
 .comment       0x00000043       0x44 ./Drivers/STM32F4xx_HAL_Driver/Src/stm32f4xx_hal_crc.o
 .comment       0x00000043       0x44 ./Drivers/STM32F4xx_HAL_Driver/Src/stm32f4xx_hal_dma.o
 .comment       0x00000043       0x44 ./Drivers/STM32F4xx_HAL_Driver/Src/stm32f4xx_hal_gpio.o
 .comment       0x00000043       0x44 ./Drivers/STM32F4xx_HAL_Driver/Src/stm32f4xx_hal_i2c.o
 .comment       0x00000043       0x44 ./Drivers/STM32F4xx_HAL_Driver/Src/stm32f4xx_hal_i2c_ex.o
 .comment       0x00000043       0x44 ./Drivers/STM32F4xx_HAL_Driver/Src/stm32f4xx_hal_ltdc.o
 .comment       0x00000043       0x44 ./Drivers/STM32F4xx_HAL_Driver/Src/stm32f4xx_hal_rcc.o
 .comment       0x00000043       0x44 ./Drivers/STM32F4xx_HAL_Driver/Src/stm32f4xx_hal_rcc_ex.o
 .comment       0x00000043       0x44 ./Drivers/STM32F4xx_HAL_Driver/Src/stm32f4xx_hal_sdram.o
 .comment       0x00000043       0x44 ./Drivers/STM32F4xx_HAL_Driver/Src/stm32f4xx_hal_spi.o
 .comment       0x00000043       0x44 ./Drivers/STM32F4xx_HAL_Driver/Src/stm32f4xx_hal_tim.o
 .comment       0x00000043       0x44 ./Drivers/STM32F4xx_HAL_Driver/Src/stm32f4xx_hal_tim_ex.o
 .comment       0x00000043       0x44 ./Drivers/STM32F4xx_HAL_Driver/Src/stm32f4xx_hal_uart.o
 .comment       0x00000043       0x44 ./Drivers/STM32F4xx_HAL_Driver/Src/stm32f4xx_ll_fmc.o

.debug_frame    0x00000000     0x61a4
 .debug_frame   0x00000000       0x4c ./App/ap.o
 .debug_frame   0x0000004c       0x78 ./App/src/adc.o
 .debug_frame   0x000000c4       0x50 ./App/src/utils.o
 .debug_frame   0x00000114      0x200 ./Core/Src/main.o
 .debug_frame   0x00000314      0x2cc ./Core/Src/stm32f4xx_hal_msp.o
 .debug_frame   0x000005e0       0x74 ./Core/Src/stm32f4xx_hal_timebase_tim.o
 .debug_frame   0x00000654      0x15c ./Core/Src/stm32f4xx_it.o
 .debug_frame   0x000007b0       0x58 ./Core/Src/system_stm32f4xx.o
 .debug_frame   0x00000808      0x3b4 ./Drivers/STM32F4xx_HAL_Driver/Src/stm32f4xx_hal.o
 .debug_frame   0x00000bbc      0x3fc ./Drivers/STM32F4xx_HAL_Driver/Src/stm32f4xx_hal_adc.o
 .debug_frame   0x00000fb8      0x4b8 ./Drivers/STM32F4xx_HAL_Driver/Src/stm32f4xx_hal_cortex.o
 .debug_frame   0x00001470      0x120 ./Drivers/STM32F4xx_HAL_Driver/Src/stm32f4xx_hal_crc.o
 .debug_frame   0x00001590      0x250 ./Drivers/STM32F4xx_HAL_Driver/Src/stm32f4xx_hal_dma.o
 .debug_frame   0x000017e0      0x14c ./Drivers/STM32F4xx_HAL_Driver/Src/stm32f4xx_hal_gpio.o
 .debug_frame   0x0000192c      0xc84 ./Drivers/STM32F4xx_HAL_Driver/Src/stm32f4xx_hal_i2c.o
 .debug_frame   0x000025b0       0x60 ./Drivers/STM32F4xx_HAL_Driver/Src/stm32f4xx_hal_i2c_ex.o
 .debug_frame   0x00002610      0x61c ./Drivers/STM32F4xx_HAL_Driver/Src/stm32f4xx_hal_ltdc.o
 .debug_frame   0x00002c2c      0x1f4 ./Drivers/STM32F4xx_HAL_Driver/Src/stm32f4xx_hal_rcc.o
 .debug_frame   0x00002e20      0x13c ./Drivers/STM32F4xx_HAL_Driver/Src/stm32f4xx_hal_rcc_ex.o
 .debug_frame   0x00002f5c      0x3e8 ./Drivers/STM32F4xx_HAL_Driver/Src/stm32f4xx_hal_sdram.o
 .debug_frame   0x00003344      0x828 ./Drivers/STM32F4xx_HAL_Driver/Src/stm32f4xx_hal_spi.o
 .debug_frame   0x00003b6c     0x11c0 ./Drivers/STM32F4xx_HAL_Driver/Src/stm32f4xx_hal_tim.o
 .debug_frame   0x00004d2c      0x638 ./Drivers/STM32F4xx_HAL_Driver/Src/stm32f4xx_hal_tim_ex.o
 .debug_frame   0x00005364      0x954 ./Drivers/STM32F4xx_HAL_Driver/Src/stm32f4xx_hal_uart.o
 .debug_frame   0x00005cb8      0x440 ./Drivers/STM32F4xx_HAL_Driver/Src/stm32f4xx_ll_fmc.o
 .debug_frame   0x000060f8       0x20 C:/ST/STM32CubeIDE_1.7.0/STM32CubeIDE/plugins/com.st.stm32cube.ide.mcu.externaltools.gnu-tools-for-stm32.12.3.rel1.win32_1.0.200.202406191623/tools/bin/../lib/gcc/arm-none-eabi/12.3.1/../../../../arm-none-eabi/lib/thumb/v7e-m+fp/hard\libc_nano.a(libc_a-memset.o)
 .debug_frame   0x00006118       0x2c C:/ST/STM32CubeIDE_1.7.0/STM32CubeIDE/plugins/com.st.stm32cube.ide.mcu.externaltools.gnu-tools-for-stm32.12.3.rel1.win32_1.0.200.202406191623/tools/bin/../lib/gcc/arm-none-eabi/12.3.1/../../../../arm-none-eabi/lib/thumb/v7e-m+fp/hard\libc_nano.a(libc_a-init.o)
 .debug_frame   0x00006144       0x2c C:/ST/STM32CubeIDE_1.7.0/STM32CubeIDE/plugins/com.st.stm32cube.ide.mcu.externaltools.gnu-tools-for-stm32.12.3.rel1.win32_1.0.200.202406191623/tools/bin/../lib/gcc/arm-none-eabi/12.3.1/thumb/v7e-m+fp/hard\libgcc.a(_aeabi_uldivmod.o)
 .debug_frame   0x00006170       0x34 C:/ST/STM32CubeIDE_1.7.0/STM32CubeIDE/plugins/com.st.stm32cube.ide.mcu.externaltools.gnu-tools-for-stm32.12.3.rel1.win32_1.0.200.202406191623/tools/bin/../lib/gcc/arm-none-eabi/12.3.1/thumb/v7e-m+fp/hard\libgcc.a(_udivmoddi4.o)

.debug_line_str
                0x00000000       0x5a
 .debug_line_str
                0x00000000       0x5a ./Core/Startup/startup_stm32f429zitx.o
